<html>
<body>
<pre>
<h1>礦ision Build Log</h1>
<h2>Tool Versions:</h2>
IDE-Version: μVision V5.31.0.0
Copyright (C) 2020 ARM Ltd and ARM Germany GmbH. All rights reserved.
License Information: guo guo, hust, LIC=9N0AE-5R608-QII5M-X6KU6-6WJZC-7F2JL
 
Tool Versions:
Toolchain:       MDK-ARM Professional  Version: 5.31.0.0
Toolchain Path:  C:\Keil_v5\ARM\ARMCC\Bin
C Compiler:      Armcc.exe V5.06 update 6 (build 750)
Assembler:       Armasm.exe V5.06 update 6 (build 750)
Linker/Locator:  ArmLink.exe V5.06 update 6 (build 750)
Library Manager: ArmAr.exe V5.06 update 6 (build 750)
Hex Converter:   FromElf.exe V5.06 update 6 (build 750)
CPU DLL:         SARMCM3.DLL V5.31.0.0
Dialog DLL:      DARMSTM.DLL V1.68.0.0
Target DLL:      Segger\JL2CM3.dll V2.99.23.0
Dialog DLL:      TARMSTM.DLL V1.66.0.0
 
<h2>Project:</h2>
C:\Users\Admin\OneDrive - my.swjtu.edu.cn\同步\倾斜传感器3.3-2021.8.9\程序3.5\从3.5\USER\MPU6050.uvprojx
Project File Date:  04/15/2022

<h2>Output:</h2>
*** Using Compiler 'V5.06 update 6 (build 750)', folder: 'C:\Keil_v5\ARM\ARMCC\Bin'
Build target 'MPU6050'
compiling main.c...
..\SYSTEM\usart\usart.h(17): warning:  #1295-D: Deprecated declaration BTRestore - give arg types
  void BTRestore();
..\SYSTEM\usart\usart.h(18): warning:  #1295-D: Deprecated declaration BTPwrSet - give arg types
  void BTPwrSet();
main.c(115): warning:  #174-D: expression has no effect
  		flashdata;
main.c(68): warning:  #177-D: variable "testpitch"  was declared but never referenced
  	INT_BYTE testpitch,testroll,testyaw;
main.c(68): warning:  #177-D: variable "testroll"  was declared but never referenced
  	INT_BYTE testpitch,testroll,testyaw;
main.c(68): warning:  #177-D: variable "testyaw"  was declared but never referenced
  	INT_BYTE testpitch,testroll,testyaw;
main.c(70): warning:  #177-D: variable "Getadr"  was declared but never referenced
  	u8 Getadr[3]={0x02,0xC0,0x00};
main.c(71): warning:  #177-D: variable "temp"  was declared but never referenced
  	u8 temp[3];
main.c(73): warning:  #177-D: variable "ID"  was declared but never referenced
  	u8 ID=0x01;
main.c(74): warning:  #177-D: variable "jiaodu"  was declared but never referenced
  	u8 jiaodu[7]={0x00,0x00,0x00,0x00,0x00,0x00,0x88};
main.c(75): warning:  #177-D: variable "head"  was declared but never referenced
  	u8 head[6]={0x0c,0xc2,0x00,0x01,0x00,0x00};
main.c(76): warning:  #177-D: variable "test"  was declared but never referenced
  	u8 test[7]={0x06,0xC2,0x00,0x10,0x01,0x02,0x03};
main.c(80): warning:  #177-D: variable "j"  was declared but never referenced
  	int j=0;
main.c(81): warning:  #177-D: variable "b"  was declared but never referenced
  	int b=0;
main.c: 14 warnings, 0 errors
linking...
Program Size: Code=25124 RO-data=3828 RW-data=160 ZI-data=2328  
FromELF: creating hex file...
"..\OBJ\MPU6050.axf" - 0 Error(s), 14 Warning(s).

<h2>Software Packages used:</h2>

Package Vendor: Keil
                http://www.keil.com/pack/Keil.STM32F1xx_DFP.2.3.0.pack
                Keil.STM32F1xx_DFP.2.3.0
                STMicroelectronics STM32F1 Series Device Support, Drivers and Examples

<h2>Collection of Component include folders:</h2>
  C:\Users\Admin\AppData\Local\Arm\Packs\Keil\STM32F1xx_DFP\2.3.0\Device\Include

<h2>Collection of Component Files used:</h2>
Build Time Elapsed:  00:00:02
</pre>
</body>
</html>
