Component: ARM Compiler 5.06 update 6 (build 750) Tool: armlink [4d35ed]

==============================================================================

Section Cross References

    main.o(i.Getflag) refers to main.o(.data) for Rdflag
    main.o(i.main) refers to misc.o(i.NVIC_PriorityGroupConfig) for NVIC_PriorityGroupConfig
    main.o(i.main) refers to usart.o(i.USART1_Init) for USART1_Init
    main.o(i.main) refers to usart.o(i.USART2_Init) for USART2_Init
    main.o(i.main) refers to delay.o(i.delay_init) for delay_init
    main.o(i.main) refers to led.o(i.LED_Init) for LED_Init
    main.o(i.main) refers to key.o(i.KEY_Init) for KEY_Init
    main.o(i.main) refers to adc.o(i.Adc_Init) for Adc_Init
    main.o(i.main) refers to exti.o(i.EXTIX_Init) for EXTIX_Init
    main.o(i.main) refers to usart.o(i.BTPwrSet) for BTPwrSet
    main.o(i.main) refers to mpu6050.o(i.MPU_Init) for MPU_Init
    main.o(i.main) refers to inv_mpu.o(i.mpu_dmp_init) for mpu_dmp_init
    main.o(i.main) refers to rtc.o(i.RTC_Init) for RTC_Init
    main.o(i.main) refers to delay.o(i.delay_ms) for delay_ms
    main.o(i.main) refers to stm32f10x_usart.o(i.USART_ITConfig) for USART_ITConfig
    main.o(i.main) refers to timer.o(i.TIM3_Int_Init) for TIM3_Int_Init
    main.o(i.main) refers to stmflash.o(i.STMFLASH_Read) for STMFLASH_Read
    main.o(i.main) refers to rtc.o(i.RTC_Set) for RTC_Set
    main.o(i.main) refers to stm32f10x_tim.o(i.TIM_Cmd) for TIM_Cmd
    main.o(i.main) refers to rtc.o(i.RTC_Alarm_Set) for RTC_Alarm_Set
    main.o(i.main) refers to adc.o(i.GetADC) for GetADC
    main.o(i.main) refers to ffltui.o(.text) for __aeabi_ui2f
    main.o(i.main) refers to f2d.o(.text) for __aeabi_f2d
    main.o(i.main) refers to dmul.o(.text) for __aeabi_dmul
    main.o(i.main) refers to ddiv.o(.text) for __aeabi_ddiv
    main.o(i.main) refers to d2f.o(.text) for __aeabi_d2f
    main.o(i.main) refers to cdrcmple.o(.text) for __aeabi_cdrcmple
    main.o(i.main) refers to cdcmple.o(.text) for __aeabi_cdcmple
    main.o(i.main) refers to inv_mpu.o(i.mpu_dmp_get_data) for mpu_dmp_get_data
    main.o(i.main) refers to stm32f10x_usart.o(i.USART_GetFlagStatus) for USART_GetFlagStatus
    main.o(i.main) refers to stm32f10x_usart.o(i.USART_ReceiveData) for USART_ReceiveData
    main.o(i.main) refers to exti.o(.data) for StopFlag
    main.o(i.main) refers to main.o(.data) for SleepFlag
    main.o(i.main) refers to main.o(.bss) for flashdata
    system_stm32f10x.o(i.SetSysClock) refers to system_stm32f10x.o(i.SetSysClockTo72) for SetSysClockTo72
    system_stm32f10x.o(i.SystemCoreClockUpdate) refers to system_stm32f10x.o(.data) for SystemCoreClock
    system_stm32f10x.o(i.SystemInit) refers to system_stm32f10x.o(i.SetSysClock) for SetSysClock
    led.o(i.LED_Init) refers to stm32f10x_rcc.o(i.RCC_APB2PeriphClockCmd) for RCC_APB2PeriphClockCmd
    led.o(i.LED_Init) refers to stm32f10x_gpio.o(i.GPIO_PinRemapConfig) for GPIO_PinRemapConfig
    led.o(i.LED_Init) refers to stm32f10x_gpio.o(i.GPIO_Init) for GPIO_Init
    led.o(i.LED_Init) refers to stm32f10x_gpio.o(i.GPIO_SetBits) for GPIO_SetBits
    led.o(i.LED_Init) refers to stm32f10x_gpio.o(i.GPIO_ResetBits) for GPIO_ResetBits
    mpuiic.o(i.MPU_IIC_Ack) refers to mpuiic.o(i.MPU_IIC_Delay) for MPU_IIC_Delay
    mpuiic.o(i.MPU_IIC_Delay) refers to delay.o(i.delay_us) for delay_us
    mpuiic.o(i.MPU_IIC_Init) refers to stm32f10x_rcc.o(i.RCC_APB2PeriphClockCmd) for RCC_APB2PeriphClockCmd
    mpuiic.o(i.MPU_IIC_Init) refers to stm32f10x_gpio.o(i.GPIO_Init) for GPIO_Init
    mpuiic.o(i.MPU_IIC_Init) refers to stm32f10x_gpio.o(i.GPIO_SetBits) for GPIO_SetBits
    mpuiic.o(i.MPU_IIC_NAck) refers to mpuiic.o(i.MPU_IIC_Delay) for MPU_IIC_Delay
    mpuiic.o(i.MPU_IIC_Read_Byte) refers to mpuiic.o(i.MPU_IIC_Delay) for MPU_IIC_Delay
    mpuiic.o(i.MPU_IIC_Read_Byte) refers to mpuiic.o(i.MPU_IIC_NAck) for MPU_IIC_NAck
    mpuiic.o(i.MPU_IIC_Read_Byte) refers to mpuiic.o(i.MPU_IIC_Ack) for MPU_IIC_Ack
    mpuiic.o(i.MPU_IIC_Send_Byte) refers to mpuiic.o(i.MPU_IIC_Delay) for MPU_IIC_Delay
    mpuiic.o(i.MPU_IIC_Start) refers to mpuiic.o(i.MPU_IIC_Delay) for MPU_IIC_Delay
    mpuiic.o(i.MPU_IIC_Stop) refers to mpuiic.o(i.MPU_IIC_Delay) for MPU_IIC_Delay
    mpuiic.o(i.MPU_IIC_Wait_Ack) refers to mpuiic.o(i.MPU_IIC_Delay) for MPU_IIC_Delay
    mpuiic.o(i.MPU_IIC_Wait_Ack) refers to mpuiic.o(i.MPU_IIC_Stop) for MPU_IIC_Stop
    mpu6050.o(i.MPU_Get_Accelerometer) refers to mpu6050.o(i.MPU_Read_Len) for MPU_Read_Len
    mpu6050.o(i.MPU_Get_Gyroscope) refers to mpu6050.o(i.MPU_Read_Len) for MPU_Read_Len
    mpu6050.o(i.MPU_Get_Temperature) refers to mpu6050.o(i.MPU_Read_Len) for MPU_Read_Len
    mpu6050.o(i.MPU_Get_Temperature) refers to dflti.o(.text) for __aeabi_i2d
    mpu6050.o(i.MPU_Get_Temperature) refers to ddiv.o(.text) for __aeabi_ddiv
    mpu6050.o(i.MPU_Get_Temperature) refers to dadd.o(.text) for __aeabi_dadd
    mpu6050.o(i.MPU_Get_Temperature) refers to d2f.o(.text) for __aeabi_d2f
[...]
    i.STMFLASH_Write                         0x08002188   Section        0  stmflash.o(i.STMFLASH_Write)
    i.STMFLASH_Write_NoCheck                 0x08002270   Section        0  stmflash.o(i.STMFLASH_Write_NoCheck)
    i.SVC_Handler                            0x08002296   Section        0  stm32f10x_it.o(i.SVC_Handler)
    i.Send_datatoU2                          0x08002298   Section        0  main.o(i.Send_datatoU2)
    i.SetSysClock                            0x080022c4   Section        0  system_stm32f10x.o(i.SetSysClock)
    SetSysClock                              0x080022c5   Thumb Code     8  system_stm32f10x.o(i.SetSysClock)
    i.SetSysClockTo72                        0x080022cc   Section        0  system_stm32f10x.o(i.SetSysClockTo72)
    SetSysClockTo72                          0x080022cd   Thumb Code   214  system_stm32f10x.o(i.SetSysClockTo72)
    i.SysTick_CLKSourceConfig                0x080023ac   Section        0  misc.o(i.SysTick_CLKSourceConfig)
    i.SysTick_Handler                        0x080023d4   Section        0  stm32f10x_it.o(i.SysTick_Handler)
    i.SystemInit                             0x080023d8   Section        0  system_stm32f10x.o(i.SystemInit)
    i.TIM3_IRQHandler                        0x08002438   Section        0  timer.o(i.TIM3_IRQHandler)
    i.TIM3_Int_Init                          0x08002460   Section        0  timer.o(i.TIM3_Int_Init)
    i.TIM_ClearITPendingBit                  0x080024c0   Section        0  stm32f10x_tim.o(i.TIM_ClearITPendingBit)
    i.TIM_Cmd                                0x080024c6   Section        0  stm32f10x_tim.o(i.TIM_Cmd)
    i.TIM_GetITStatus                        0x080024de   Section        0  stm32f10x_tim.o(i.TIM_GetITStatus)
    i.TIM_ITConfig                           0x08002500   Section        0  stm32f10x_tim.o(i.TIM_ITConfig)
    i.TIM_TimeBaseInit                       0x08002514   Section        0  stm32f10x_tim.o(i.TIM_TimeBaseInit)
    i.USART1_IRQHandler                      0x080025b8   Section        0  usart.o(i.USART1_IRQHandler)
    i.USART1_Init                            0x080025bc   Section        0  usart.o(i.USART1_Init)
    i.USART2_IRQHandler                      0x0800265c   Section        0  usart.o(i.USART2_IRQHandler)
    i.USART2_Init                            0x0800298c   Section        0  usart.o(i.USART2_Init)
    i.USART_Cmd                              0x08002a30   Section        0  stm32f10x_usart.o(i.USART_Cmd)
    i.USART_GetFlagStatus                    0x08002a48   Section        0  stm32f10x_usart.o(i.USART_GetFlagStatus)
    i.USART_GetITStatus                      0x08002a62   Section        0  stm32f10x_usart.o(i.USART_GetITStatus)
    i.USART_ITConfig                         0x08002ab6   Section        0  stm32f10x_usart.o(i.USART_ITConfig)
    i.USART_Init                             0x08002b00   Section        0  stm32f10x_usart.o(i.USART_Init)
    i.USART_ReceiveData                      0x08002bd8   Section        0  stm32f10x_usart.o(i.USART_ReceiveData)
    i.UsageFault_Handler                     0x08002be2   Section        0  stm32f10x_it.o(i.UsageFault_Handler)
    i.__0printf$8                            0x08002be8   Section        0  printf8.o(i.__0printf$8)
    i.__ARM_fpclassify                       0x08002c08   Section        0  fpclassify.o(i.__ARM_fpclassify)
    i.__kernel_poly                          0x08002c30   Section        0  poly.o(i.__kernel_poly)
    i.__mathlib_dbl_infnan                   0x08002cda   Section        0  dunder.o(i.__mathlib_dbl_infnan)
    i.__mathlib_dbl_infnan2                  0x08002ce0   Section        0  dunder.o(i.__mathlib_dbl_infnan2)
    i.__mathlib_dbl_invalid                  0x08002ce4   Section        0  dunder.o(i.__mathlib_dbl_invalid)
    i.__mathlib_dbl_underflow                0x08002cf0   Section        0  dunder.o(i.__mathlib_dbl_underflow)
    i.__scatterload_copy                     0x08002d00   Section       14  handlers.o(i.__scatterload_copy)
    i.__scatterload_null                     0x08002d0e   Section        2  handlers.o(i.__scatterload_null)
    i.__scatterload_zeroinit                 0x08002d10   Section       14  handlers.o(i.__scatterload_zeroinit)
    i.__set_errno                            0x08002d20   Section        0  errno.o(i.__set_errno)
    i._printf_core                           0x08002d2c   Section        0  printf8.o(i._printf_core)
    _printf_core                             0x08002d2d   Thumb Code   996  printf8.o(i._printf_core)
    i._printf_post_padding                   0x0800313c   Section        0  printf8.o(i._printf_post_padding)
    _printf_post_padding                     0x0800313d   Thumb Code    36  printf8.o(i._printf_post_padding)
    i._printf_pre_padding                    0x08003160   Section        0  printf8.o(i._printf_pre_padding)
    _printf_pre_padding                      0x08003161   Thumb Code    46  printf8.o(i._printf_pre_padding)
    i.accel_self_test                        0x08003190   Section        0  inv_mpu.o(i.accel_self_test)
    accel_self_test                          0x08003191   Thumb Code   164  inv_mpu.o(i.accel_self_test)
    i.asin                                   0x08003238   Section        0  asin.o(i.asin)
    i.atan                                   0x080034a8   Section        0  atan.o(i.atan)
    i.atan2                                  0x080036c8   Section        0  atan2.o(i.atan2)
    i.decode_gesture                         0x08003848   Section        0  inv_mpu_dmp_motion_driver.o(i.decode_gesture)
    decode_gesture                           0x08003849   Thumb Code    94  inv_mpu_dmp_motion_driver.o(i.decode_gesture)
    i.delay_init                             0x080038ac   Section        0  delay.o(i.delay_init)
    i.delay_ms                               0x080038f0   Section        0  delay.o(i.delay_ms)
    i.delay_us                               0x0800393c   Section        0  delay.o(i.delay_us)
    i.dmp_enable_6x_lp_quat                  0x08003988   Section        0  inv_mpu_dmp_motion_driver.o(i.dmp_enable_6x_lp_quat)
    i.dmp_enable_feature                     0x080039c4   Section        0  inv_mpu_dmp_motion_driver.o(i.dmp_enable_feature)
    i.dmp_enable_gyro_cal                    0x08003be0   Section        0  inv_mpu_dmp_motion_driver.o(i.dmp_enable_gyro_cal)
    i.dmp_enable_lp_quat                     0x08003c38   Section        0  inv_mpu_dmp_motion_driver.o(i.dmp_enable_lp_quat)
    i.dmp_load_motion_driver_firmware        0x08003c74   Section        0  inv_mpu_dmp_motion_driver.o(i.dmp_load_motion_driver_firmware)
    i.dmp_read_fifo                          0x08003c8c   Section        0  inv_mpu_dmp_motion_driver.o(i.dmp_read_fifo)
    i.dmp_set_accel_bias                     0x08003e58   Section        0  inv_mpu_dmp_motion_driver.o(i.dmp_set_accel_bias)
    i.dmp_set_fifo_rate                      0x08003f88   Section        0  inv_mpu_dmp_motion_driver.o(i.dmp_set_fifo_rate)
    i.dmp_set_gyro_bias                      0x08003ff8   Section        0  inv_mpu_dmp_motion_driver.o(i.dmp_set_gyro_bias)
    i.dmp_set_orientation                    0x08004128   Section        0  inv_mpu_dmp_motion_driver.o(i.dmp_set_orientation)
    i.dmp_set_shake_reject_thresh            0x08004260   Section        0  inv_mpu_dmp_motion_driver.o(i.dmp_set_shake_reject_thresh)
    i.dmp_set_shake_reject_time              0x08004298   Section        0  inv_mpu_dmp_motion_driver.o(i.dmp_set_shake_reject_time)
    i.dmp_set_shake_reject_timeout           0x080042be   Section        0  inv_mpu_dmp_motion_driver.o(i.dmp_set_shake_reject_timeout)
    i.dmp_set_tap_axes                       0x080042e4   Section        0  inv_mpu_dmp_motion_driver.o(i.dmp_set_tap_axes)
    i.dmp_set_tap_count                      0x0800432a   Section        0  inv_mpu_dmp_motion_driver.o(i.dmp_set_tap_count)
    i.dmp_set_tap_thresh                     0x08004350   Section        0  inv_mpu_dmp_motion_driver.o(i.dmp_set_tap_thresh)
    i.dmp_set_tap_time                       0x080044f0   Section        0  inv_mpu_dmp_motion_driver.o(i.dmp_set_tap_time)
    i.dmp_set_tap_time_multi                 0x08004516   Section        0  inv_mpu_dmp_motion_driver.o(i.dmp_set_tap_time_multi)
    i.fputc                                  0x0800453c   Section        0  usart.o(i.fputc)
    i.get_accel_prod_shift                   0x08004558   Section        0  inv_mpu.o(i.get_accel_prod_shift)
    get_accel_prod_shift                     0x08004559   Thumb Code   168  inv_mpu.o(i.get_accel_prod_shift)
    i.get_st_biases                          0x0800460c   Section        0  inv_mpu.o(i.get_st_biases)
    get_st_biases                            0x0800460d   Thumb Code  1132  inv_mpu.o(i.get_st_biases)
    i.gyro_self_test                         0x08004a7c   Section        0  inv_mpu.o(i.gyro_self_test)
    gyro_self_test                           0x08004a7d   Thumb Code   256  inv_mpu.o(i.gyro_self_test)
    i.inv_orientation_matrix_to_scalar       0x08004b8c   Section        0  inv_mpu.o(i.inv_orientation_matrix_to_scalar)
    i.inv_row_2_scale                        0x08004bb4   Section        0  inv_mpu.o(i.inv_row_2_scale)
    i.main                                   0x08004c04   Section        0  main.o(i.main)
    i.mget_ms                                0x08004f88   Section        0  inv_mpu.o(i.mget_ms)
    i.mpu_configure_fifo                     0x08004f8c   Section        0  inv_mpu.o(i.mpu_configure_fifo)
    i.mpu_dmp_get_data                       0x08004ffc   Section        0  inv_mpu.o(i.mpu_dmp_get_data)
    i.mpu_dmp_init                           0x08005220   Section        0  inv_mpu.o(i.mpu_dmp_init)
    i.mpu_get_accel_fsr                      0x080052c0   Section        0  inv_mpu.o(i.mpu_get_accel_fsr)
    i.mpu_get_accel_sens                     0x0800530c   Section        0  inv_mpu.o(i.mpu_get_accel_sens)
    i.mpu_get_fifo_config                    0x08005360   Section        0  inv_mpu.o(i.mpu_get_fifo_config)
    i.mpu_get_gyro_fsr                       0x08005370   Section        0  inv_mpu.o(i.mpu_get_gyro_fsr)
    i.mpu_get_gyro_sens                      0x080053b4   Section        0  inv_mpu.o(i.mpu_get_gyro_sens)
    i.mpu_get_lpf                            0x08005404   Section        0  inv_mpu.o(i.mpu_get_lpf)
    i.mpu_get_sample_rate                    0x08005454   Section        0  inv_mpu.o(i.mpu_get_sample_rate)
    i.mpu_init                               0x08005474   Section        0  inv_mpu.o(i.mpu_init)
    i.mpu_load_firmware                      0x08005664   Section        0  inv_mpu.o(i.mpu_load_firmware)
    i.mpu_lp_accel_mode                      0x0800571c   Section        0  inv_mpu.o(i.mpu_lp_accel_mode)
    i.mpu_read_fifo_stream                   0x080057fc   Section        0  inv_mpu.o(i.mpu_read_fifo_stream)
    i.mpu_read_mem                           0x080058bc   Section        0  inv_mpu.o(i.mpu_read_mem)
    i.mpu_reset_fifo                         0x0800593c   Section        0  inv_mpu.o(i.mpu_reset_fifo)
    i.mpu_run_self_test                      0x08005b04   Section        0  inv_mpu.o(i.mpu_run_self_test)
    i.mpu_set_accel_fsr                      0x08005c20   Section        0  inv_mpu.o(i.mpu_set_accel_fsr)
    i.mpu_set_bypass                         0x08005ca4   Section        0  inv_mpu.o(i.mpu_set_bypass)
    i.mpu_set_dmp_state                      0x08005df0   Section        0  inv_mpu.o(i.mpu_set_dmp_state)
    i.mpu_set_gyro_fsr                       0x08005e80   Section        0  inv_mpu.o(i.mpu_set_gyro_fsr)
    i.mpu_set_int_latched                    0x08005f08   Section        0  inv_mpu.o(i.mpu_set_int_latched)
    i.mpu_set_lpf                            0x08005f74   Section        0  inv_mpu.o(i.mpu_set_lpf)
    i.mpu_set_sample_rate                    0x08005ff8   Section        0  inv_mpu.o(i.mpu_set_sample_rate)
    i.mpu_set_sensors                        0x08006094   Section        0  inv_mpu.o(i.mpu_set_sensors)
    i.mpu_write_mem                          0x08006164   Section        0  inv_mpu.o(i.mpu_write_mem)
    i.run_self_test                          0x080061e4   Section        0  inv_mpu.o(i.run_self_test)
    i.set_int_enable                         0x08006278   Section        0  inv_mpu.o(i.set_int_enable)
    set_int_enable                           0x08006279   Thumb Code   138  inv_mpu.o(i.set_int_enable)
    i.sqrt                                   0x08006308   Section        0  sqrt.o(i.sqrt)
    .constdata                               0x08006354   Section       80  inv_mpu.o(.constdata)
    .constdata                               0x080063a4   Section     3062  inv_mpu_dmp_motion_driver.o(.constdata)
    dmp_memory                               0x080063a4   Data        3062  inv_mpu_dmp_motion_driver.o(.constdata)
    .constdata                               0x08006f9a   Section       24  rtc.o(.constdata)
    .constdata                               0x08006fb8   Section       80  asin.o(.constdata)
    pS                                       0x08006fb8   Data          48  asin.o(.constdata)
    qS                                       0x08006fe8   Data          32  asin.o(.constdata)
    .constdata                               0x08007008   Section      152  atan.o(.constdata)
    atanhi                                   0x08007008   Data          32  atan.o(.constdata)
    atanlo                                   0x08007028   Data          32  atan.o(.constdata)
    aTodd                                    0x08007048   Data          40  atan.o(.constdata)
    aTeven                                   0x08007070   Data          48  atan.o(.constdata)
    .constdata                               0x080070a0   Section        8  qnan.o(.constdata)
    .conststring                             0x080070a8   Section       77  inv_mpu.o(.conststring)
    .data                                    0x20000000   Section       26  main.o(.data)
    Rdflag                                   0x20000000   Data           4  main.o(.data)
    .data                                    0x2000001c   Section       20  system_stm32f10x.o(.data)
    .data                                    0x20000030   Section       53  inv_mpu.o(.data)
    st                                       0x20000030   Data          44  inv_mpu.o(.data)
    gyro_orientation                         0x2000005c   Data           9  inv_mpu.o(.data)
    .data                                    0x20000065   Section        1  exti.o(.data)
    .data                                    0x20000066   Section        2  rtc.o(.data)
    daycnt                                   0x20000066   Data           2  rtc.o(.data)
    .data                                    0x20000068   Section        4  delay.o(.data)
    fac_us                                   0x20000068   Data           1  delay.o(.data)
    fac_ms                                   0x2000006a   Data           2  delay.o(.data)
    .data                                    0x2000006c   Section       28  usart.o(.data)
    testpitch                                0x20000072   Data           2  usart.o(.data)
    testroll                                 0x20000074   Data           2  usart.o(.data)
    testyaw                                  0x20000076   Data           2  usart.o(.data)
    message                                  0x20000078   Data           2  usart.o(.data)
    suitMAC                                  0x2000007a   Data           8  usart.o(.data)
    check                                    0x20000082   Data           1  usart.o(.data)
    i                                        0x20000084   Data           4  usart.o(.data)
    .data                                    0x20000088   Section       20  stm32f10x_rcc.o(.data)
    APBAHBPrescTable                         0x20000088   Data          16  stm32f10x_rcc.o(.data)
    ADCPrescTable                            0x20000098   Data           4  stm32f10x_rcc.o(.data)
    .data                                    0x2000009c   Section        4  errno.o(.data)
    _errno                                   0x2000009c   Data           4  errno.o(.data)
    .bss                                     0x200000a0   Section       11  main.o(.bss)
    .bss                                     0x200000ac   Section       16  inv_mpu_dmp_motion_driver.o(.bss)
    dmp                                      0x200000ac   Data          16  inv_mpu_dmp_motion_driver.o(.bss)
    .bss                                     0x200000bc   Section       10  rtc.o(.bss)
    .bss                                     0x200000c6   Section     1024  stmflash.o(.bss)
    .bss                                     0x200004c6   Section      238  usart.o(.bss)
    SaveBuffer                               0x2000058e   Data          22  usart.o(.bss)
    memory                                   0x200005a4   Data          16  usart.o(.bss)
    STACK                                    0x200005b8   Section     1024  startup_stm32f10x_hd.o(STACK)

    Global Symbols

    Symbol Name                              Value     Ov Type        Size  Object(Section)

    BuildAttributes$$THM_ISAv4$P$D$K$B$S$PE$A:L22UL41UL21$X:L11$S22US41US21$IEEE1$IW$USESV6$~STKCKD$USESV7$~SHL$OTIME$ROPI$IEEEX$EBA8$MICROLIB$REQ8$PRES8$EABIv2 0x00000000   Number         0  anon$$obj.o ABSOLUTE
    __ARM_use_no_argv                        0x00000000   Number         0  main.o ABSOLUTE
    __use_no_errno                           0x00000000   Number         0  useno.o ABSOLUTE
    __use_no_exception_handling              0x00000000   Number         0  useno.o ABSOLUTE
    __use_no_fp                              0x00000000   Number         0  useno.o ABSOLUTE
    __use_no_heap                            0x00000000   Number         0  useno.o ABSOLUTE
    __use_no_heap_region                     0x00000000   Number         0  useno.o ABSOLUTE
    __use_no_semihosting                     0x00000000   Number         0  useno.o ABSOLUTE
    __use_no_semihosting_swi                 0x00000000   Number         0  useno.o ABSOLUTE
    __use_no_signal_handling                 0x00000000   Number         0  useno.o ABSOLUTE
    _printf_a                                0x00000000   Number         0  stubs.o ABSOLUTE
    _printf_c                                0x00000000   Number         0  stubs.o ABSOLUTE
    _printf_charcount                        0x00000000   Number         0  stubs.o ABSOLUTE
    _printf_d                                0x00000000   Number         0  stubs.o ABSOLUTE
    _printf_e                                0x00000000   Number         0  stubs.o ABSOLUTE
    _printf_f                                0x00000000   Number         0  stubs.o ABSOLUTE
    _printf_flags                            0x00000000   Number         0  stubs.o ABSOLUTE
    _printf_fp_dec                           0x00000000   Number         0  stubs.o ABSOLUTE
    _printf_fp_hex                           0x00000000   Number         0  stubs.o ABSOLUTE
    _printf_g                                0x00000000   Number         0  stubs.o ABSOLUTE
    _printf_i                                0x00000000   Number         0  stubs.o ABSOLUTE
    _printf_int_dec                          0x00000000   Number         0  stubs.o ABSOLUTE
    _printf_l                                0x00000000   Number         0  stubs.o ABSOLUTE
    _printf_lc                               0x00000000   Number         0  stubs.o ABSOLUTE
    _printf_ll                               0x00000000   Number         0  stubs.o ABSOLUTE
    _printf_lld                              0x00000000   Number         0  stubs.o ABSOLUTE
    _printf_lli                              0x00000000   Number         0  stubs.o ABSOLUTE
    _printf_llo                              0x00000000   Number         0  stubs.o ABSOLUTE
    _printf_llu                              0x00000000   Number         0  stubs.o ABSOLUTE
    _printf_llx                              0x00000000   Number         0  stubs.o ABSOLUTE
    _printf_longlong_dec                     0x00000000   Number         0  stubs.o ABSOLUTE
    _printf_longlong_hex                     0x00000000   Number         0  stubs.o ABSOLUTE
    _printf_longlong_oct                     0x00000000   Number         0  stubs.o ABSOLUTE
    _printf_ls                               0x00000000   Number         0  stubs.o ABSOLUTE
    _printf_mbtowc                           0x00000000   Number         0  stubs.o ABSOLUTE
    _printf_n                                0x00000000   Number         0  stubs.o ABSOLUTE
    _printf_o                                0x00000000   Number         0  stubs.o ABSOLUTE
    _printf_p                                0x00000000   Number         0  stubs.o ABSOLUTE
    _printf_percent                          0x00000000   Number         0  stubs.o ABSOLUTE
    _printf_pre_padding                      0x00000000   Number         0  stubs.o ABSOLUTE
    _printf_return_value                     0x00000000   Number         0  stubs.o ABSOLUTE
    _printf_s                                0x00000000   Number         0  stubs.o ABSOLUTE
    _printf_sizespec                         0x00000000   Number         0  stubs.o ABSOLUTE
    _printf_str                              0x00000000   Number         0  stubs.o ABSOLUTE
    _printf_truncate_signed                  0x00000000   Number         0  stubs.o ABSOLUTE
    _printf_truncate_unsigned                0x00000000   Number         0  stubs.o ABSOLUTE
    _printf_u                                0x00000000   Number         0  stubs.o ABSOLUTE
    _printf_wc                               0x00000000   Number         0  stubs.o ABSOLUTE
    _printf_wctomb                           0x00000000   Number         0  stubs.o ABSOLUTE
    _printf_widthprec                        0x00000000   Number         0  stubs.o ABSOLUTE
    _printf_x                                0x00000000   Number         0  stubs.o ABSOLUTE
    __cpp_initialize__aeabi_                  - Undefined Weak Reference
    __cxa_finalize                            - Undefined Weak Reference
    __decompress                              - Undefined Weak Reference
    _clock_init                               - Undefined Weak Reference
    _microlib_exit                            - Undefined Weak Reference
    __Vectors_Size                           0x00000130   Number         0  startup_stm32f10x_hd.o ABSOLUTE
    __Vectors                                0x08000000   Data           4  startup_stm32f10x_hd.o(RESET)
    __Vectors_End                            0x08000130   Data           0  startup_stm32f10x_hd.o(RESET)
    __main                                   0x08000131   Thumb Code     0  entry.o(.ARM.Collect$$$$00000000)
    _main_stk                                0x08000131   Thumb Code     0  entry2.o(.ARM.Collect$$$$00000001)
    _main_scatterload                        0x08000135   Thumb Code     0  entry5.o(.ARM.Collect$$$$00000004)
    __main_after_scatterload                 0x08000139   Thumb Code     0  entry5.o(.ARM.Collect$$$$00000004)
    _main_clock                              0x08000139   Thumb Code     0  entry7b.o(.ARM.Collect$$$$00000008)
    _main_cpp_init                           0x08000139   Thumb Code     0  entry8b.o(.ARM.Collect$$$$0000000A)
    _main_init                               0x08000139   Thumb Code     0  entry9a.o(.ARM.Collect$$$$0000000B)
    __rt_final_cpp                           0x08000141   Thumb Code     0  entry10a.o(.ARM.Collect$$$$0000000D)
    __rt_final_exit                          0x08000141   Thumb Code     0  entry11a.o(.ARM.Collect$$$$0000000F)
    Reset_Handler                            0x08000145   Thumb Code     8  startup_stm32f10x_hd.o(.text)
    ADC1_2_IRQHandler                        0x0800015f   Thumb Code     0  startup_stm32f10x_hd.o(.text)
    ADC3_IRQHandler                          0x0800015f   Thumb Code     0  startup_stm32f10x_hd.o(.text)
    CAN1_RX1_IRQHandler                      0x0800015f   Thumb Code     0  startup_stm32f10x_hd.o(.text)
    CAN1_SCE_IRQHandler                      0x0800015f   Thumb Code     0  startup_stm32f10x_hd.o(.text)
    DMA1_Channel1_IRQHandler                 0x0800015f   Thumb Code     0  startup_stm32f10x_hd.o(.text)
    DMA1_Channel2_IRQHandler                 0x0800015f   Thumb Code     0  startup_stm32f10x_hd.o(.text)
    DMA1_Channel3_IRQHandler                 0x0800015f   Thumb Code     0  startup_stm32f10x_hd.o(.text)
    DMA1_Channel4_IRQHandler                 0x0800015f   Thumb Code     0  startup_stm32f10x_hd.o(.text)
    DMA1_Channel5_IRQHandler                 0x0800015f   Thumb Code     0  startup_stm32f10x_hd.o(.text)
    DMA1_Channel6_IRQHandler                 0x0800015f   Thumb Code     0  startup_stm32f10x_hd.o(.text)
    DMA1_Channel7_IRQHandler                 0x0800015f   Thumb Code     0  startup_stm32f10x_hd.o(.text)
    DMA2_Channel1_IRQHandler                 0x0800015f   Thumb Code     0  startup_stm32f10x_hd.o(.text)
    DMA2_Channel2_IRQHandler                 0x0800015f   Thumb Code     0  startup_stm32f10x_hd.o(.text)
    DMA2_Channel3_IRQHandler                 0x0800015f   Thumb Code     0  startup_stm32f10x_hd.o(.text)
    DMA2_Channel4_5_IRQHandler               0x0800015f   Thumb Code     0  startup_stm32f10x_hd.o(.text)
    EXTI0_IRQHandler                         0x0800015f   Thumb Code     0  startup_stm32f10x_hd.o(.text)
    EXTI1_IRQHandler                         0x0800015f   Thumb Code     0  startup_stm32f10x_hd.o(.text)
    EXTI2_IRQHandler                         0x0800015f   Thumb Code     0  startup_stm32f10x_hd.o(.text)
    EXTI3_IRQHandler                         0x0800015f   Thumb Code     0  startup_stm32f10x_hd.o(.text)
    EXTI4_IRQHandler                         0x0800015f   Thumb Code     0  startup_stm32f10x_hd.o(.text)
    EXTI9_5_IRQHandler                       0x0800015f   Thumb Code     0  startup_stm32f10x_hd.o(.text)
    FLASH_IRQHandler                         0x0800015f   Thumb Code     0  startup_stm32f10x_hd.o(.text)
    FSMC_IRQHandler                          0x0800015f   Thumb Code     0  startup_stm32f10x_hd.o(.text)
    I2C1_ER_IRQHandler                       0x0800015f   Thumb Code     0  startup_stm32f10x_hd.o(.text)
    I2C1_EV_IRQHandler                       0x0800015f   Thumb Code     0  startup_stm32f10x_hd.o(.text)
    I2C2_ER_IRQHandler                       0x0800015f   Thumb Code     0  startup_stm32f10x_hd.o(.text)
    I2C2_EV_IRQHandler                       0x0800015f   Thumb Code     0  startup_stm32f10x_hd.o(.text)
    PVD_IRQHandler                           0x0800015f   Thumb Code     0  startup_stm32f10x_hd.o(.text)
    RCC_IRQHandler                           0x0800015f   Thumb Code     0  startup_stm32f10x_hd.o(.text)
    RTCAlarm_IRQHandler                      0x0800015f   Thumb Code     0  startup_stm32f10x_hd.o(.text)
    SDIO_IRQHandler                          0x0800015f   Thumb Code     0  startup_stm32f10x_hd.o(.text)
    SPI1_IRQHandler                          0x0800015f   Thumb Code     0  startup_stm32f10x_hd.o(.text)
    SPI2_IRQHandler                          0x0800015f   Thumb Code     0  startup_stm32f10x_hd.o(.text)
    SPI3_IRQHandler                          0x0800015f   Thumb Code     0  startup_stm32f10x_hd.o(.text)
    TAMPER_IRQHandler                        0x0800015f   Thumb Code     0  startup_stm32f10x_hd.o(.text)
    TIM1_BRK_IRQHandler                      0x0800015f   Thumb Code     0  startup_stm32f10x_hd.o(.text)
    TIM1_CC_IRQHandler                       0x0800015f   Thumb Code     0  startup_stm32f10x_hd.o(.text)
    TIM1_TRG_COM_IRQHandler                  0x0800015f   Thumb Code     0  startup_stm32f10x_hd.o(.text)
    TIM1_UP_IRQHandler                       0x0800015f   Thumb Code     0  startup_stm32f10x_hd.o(.text)
    TIM2_IRQHandler                          0x0800015f   Thumb Code     0  startup_stm32f10x_hd.o(.text)
    TIM4_IRQHandler                          0x0800015f   Thumb Code     0  startup_stm32f10x_hd.o(.text)
    TIM5_IRQHandler                          0x0800015f   Thumb Code     0  startup_stm32f10x_hd.o(.text)
    TIM6_IRQHandler                          0x0800015f   Thumb Code     0  startup_stm32f10x_hd.o(.text)
    TIM7_IRQHandler                          0x0800015f   Thumb Code     0  startup_stm32f10x_hd.o(.text)
    TIM8_BRK_IRQHandler                      0x0800015f   Thumb Code     0  startup_stm32f10x_hd.o(.text)
    TIM8_CC_IRQHandler                       0x0800015f   Thumb Code     0  startup_stm32f10x_hd.o(.text)
    TIM8_TRG_COM_IRQHandler                  0x0800015f   Thumb Code     0  startup_stm32f10x_hd.o(.text)
    TIM8_UP_IRQHandler                       0x0800015f   Thumb Code     0  startup_stm32f10x_hd.o(.text)
    UART4_IRQHandler                         0x0800015f   Thumb Code     0  startup_stm32f10x_hd.o(.text)
    UART5_IRQHandler                         0x0800015f   Thumb Code     0  startup_stm32f10x_hd.o(.text)
    USART3_IRQHandler                        0x0800015f   Thumb Code     0  startup_stm32f10x_hd.o(.text)
    USBWakeUp_IRQHandler                     0x0800015f   Thumb Code     0  startup_stm32f10x_hd.o(.text)
    USB_HP_CAN1_TX_IRQHandler                0x0800015f   Thumb Code     0  startup_stm32f10x_hd.o(.text)
    USB_LP_CAN1_RX0_IRQHandler               0x0800015f   Thumb Code     0  startup_stm32f10x_hd.o(.text)
    WWDG_IRQHandler                          0x0800015f   Thumb Code     0  startup_stm32f10x_hd.o(.text)
    __aeabi_ldivmod                          0x08000169   Thumb Code    98  ldiv.o(.text)
    __aeabi_memset                           0x080001cb   Thumb Code    14  memseta.o(.text)
    __aeabi_memset4                          0x080001cb   Thumb Code     0  memseta.o(.text)
    __aeabi_memset8                          0x080001cb   Thumb Code     0  memseta.o(.text)
    __aeabi_memclr                           0x080001d9   Thumb Code     4  memseta.o(.text)
    __aeabi_memclr4                          0x080001d9   Thumb Code     0  memseta.o(.text)
    __aeabi_memclr8                          0x080001d9   Thumb Code     0  memseta.o(.text)
    _memset$wrapper                          0x080001dd   Thumb Code    18  memseta.o(.text)
    memcmp                                   0x080001ef   Thumb Code    26  memcmp.o(.text)
    __aeabi_fadd                             0x08000209   Thumb Code   164  fadd.o(.text)
    __aeabi_fsub                             0x080002ad   Thumb Code     6  fadd.o(.text)
    __aeabi_frsub                            0x080002b3   Thumb Code     6  fadd.o(.text)
    __aeabi_fmul                             0x080002b9   Thumb Code   100  fmul.o(.text)
    __aeabi_fdiv                             0x0800031d   Thumb Code   124  fdiv.o(.text)
    __aeabi_dadd                             0x08000399   Thumb Code   322  dadd.o(.text)
    __aeabi_dsub                             0x080004db   Thumb Code     6  dadd.o(.text)
    __aeabi_drsub                            0x080004e1   Thumb Code     6  dadd.o(.text)
    __aeabi_dmul                             0x080004e7   Thumb Code   228  dmul.o(.text)
    __aeabi_ddiv                             0x080005cb   Thumb Code   222  ddiv.o(.text)
    __aeabi_i2f                              0x080006a9   Thumb Code    18  fflti.o(.text)
    __aeabi_ui2f                             0x080006bb   Thumb Code    10  ffltui.o(.text)
    __aeabi_f2iz                             0x080006c5   Thumb Code    50  ffixi.o(.text)
    __aeabi_f2uiz                            0x080006f7   Thumb Code    40  ffixui.o(.text)
    __aeabi_f2d                              0x0800071f   Thumb Code    38  f2d.o(.text)
    __aeabi_cdcmpeq                          0x08000745   Thumb Code     0  cdcmple.o(.text)
    __aeabi_cdcmple                          0x08000745   Thumb Code    48  cdcmple.o(.text)
    __aeabi_cdrcmple                         0x08000775   Thumb Code    48  cdrcmple.o(.text)
    __aeabi_d2f                              0x080007a5   Thumb Code    56  d2f.o(.text)
    __aeabi_cfcmpeq                          0x080007dd   Thumb Code     0  cfcmple.o(.text)
    __aeabi_cfcmple                          0x080007dd   Thumb Code    20  cfcmple.o(.text)
    __aeabi_cfrcmple                         0x080007f1   Thumb Code    20  cfrcmple.o(.text)
    __aeabi_uldivmod                         0x08000805   Thumb Code    98  uldiv.o(.text)
    __aeabi_llsl                             0x08000867   Thumb Code    30  llshl.o(.text)
    _ll_shift_l                              0x08000867   Thumb Code     0  llshl.o(.text)
    __aeabi_lasr                             0x08000885   Thumb Code    36  llsshr.o(.text)
    _ll_sshift_r                             0x08000885   Thumb Code     0  llsshr.o(.text)
    __I$use$fp                               0x080008a9   Thumb Code     0  iusefp.o(.text)
    _float_round                             0x080008a9   Thumb Code    18  fepilogue.o(.text)
    _float_epilogue                          0x080008bb   Thumb Code    92  fepilogue.o(.text)
    _double_round                            0x08000917   Thumb Code    30  depilogue.o(.text)
    _double_epilogue                         0x08000935   Thumb Code   156  depilogue.o(.text)
    __ARM_scalbn                             0x080009d1   Thumb Code    46  dscalb.o(.text)
    scalbn                                   0x080009d1   Thumb Code     0  dscalb.o(.text)
    __scatterload                            0x08000a01   Thumb Code    28  init.o(.text)
    __scatterload_rt2                        0x08000a01   Thumb Code     0  init.o(.text)
    __aeabi_llsr                             0x08000a25   Thumb Code    32  llushr.o(.text)
    _ll_ushift_r                             0x08000a25   Thumb Code     0  llushr.o(.text)
    _dsqrt                                   0x08000a45   Thumb Code   162  dsqrt.o(.text)
    ADC_Cmd                                  0x08000ae7   Thumb Code    22  stm32f10x_adc.o(i.ADC_Cmd)
    ADC_DeInit                               0x08000afd   Thumb Code    78  stm32f10x_adc.o(i.ADC_DeInit)
    ADC_GetCalibrationStatus                 0x08000b59   Thumb Code    20  stm32f10x_adc.o(i.ADC_GetCalibrationStatus)
    ADC_GetConversionValue                   0x08000b6d   Thumb Code     8  stm32f10x_adc.o(i.ADC_GetConversionValue)
    ADC_GetFlagStatus                        0x08000b75   Thumb Code    18  stm32f10x_adc.o(i.ADC_GetFlagStatus)
    ADC_GetResetCalibrationStatus            0x08000b87   Thumb Code    20  stm32f10x_adc.o(i.ADC_GetResetCalibrationStatus)
    ADC_Init                                 0x08000b9d   Thumb Code    70  stm32f10x_adc.o(i.ADC_Init)
    ADC_RegularChannelConfig                 0x08000bed   Thumb Code   184  stm32f10x_adc.o(i.ADC_RegularChannelConfig)
    ADC_ResetCalibration                     0x08000ca5   Thumb Code    10  stm32f10x_adc.o(i.ADC_ResetCalibration)
    ADC_SoftwareStartConvCmd                 0x08000caf   Thumb Code    22  stm32f10x_adc.o(i.ADC_SoftwareStartConvCmd)
    ADC_StartCalibration                     0x08000cc5   Thumb Code    10  stm32f10x_adc.o(i.ADC_StartCalibration)
    Adc_Init                                 0x08000cd1   Thumb Code   132  adc.o(i.Adc_Init)
    BKP_DeInit                               0x08000d5d   Thumb Code    16  stm32f10x_bkp.o(i.BKP_DeInit)
    BKP_TamperPinCmd                         0x08000d6d   Thumb Code     6  stm32f10x_bkp.o(i.BKP_TamperPinCmd)
    BTPwrSet                                 0x08000d79   Thumb Code    24  usart.o(i.BTPwrSet)
    BusFault_Handler                         0x08000d95   Thumb Code     4  stm32f10x_it.o(i.BusFault_Handler)
    Check_Res                                0x08000d99   Thumb Code    54  key.o(i.Check_Res)
    Check_WKUP                               0x08000ddd   Thumb Code    50  key.o(i.Check_WKUP)
    DebugMon_Handler                         0x08000e19   Thumb Code     2  stm32f10x_it.o(i.DebugMon_Handler)
    EXTI15_10_IRQHandler                     0x08000e1d   Thumb Code   126  exti.o(i.EXTI15_10_IRQHandler)
    EXTIX_Init                               0x08000ead   Thumb Code   136  exti.o(i.EXTIX_Init)
    EXTI_ClearITPendingBit                   0x08000f35   Thumb Code     6  stm32f10x_exti.o(i.EXTI_ClearITPendingBit)
    EXTI_GetITStatus                         0x08000f41   Thumb Code    34  stm32f10x_exti.o(i.EXTI_GetITStatus)
    EXTI_Init                                0x08000f69   Thumb Code   142  stm32f10x_exti.o(i.EXTI_Init)
    FLASH_ErasePage                          0x08000ffd   Thumb Code    72  stm32f10x_flash.o(i.FLASH_ErasePage)
    FLASH_GetBank1Status                     0x08001049   Thumb Code    48  stm32f10x_flash.o(i.FLASH_GetBank1Status)
    FLASH_Lock                               0x0800107d   Thumb Code    14  stm32f10x_flash.o(i.FLASH_Lock)
    FLASH_ProgramHalfWord                    0x08001091   Thumb Code    60  stm32f10x_flash.o(i.FLASH_ProgramHalfWord)
    FLASH_Unlock                             0x080010d1   Thumb Code    12  stm32f10x_flash.o(i.FLASH_Unlock)
    FLASH_WaitForLastOperation               0x080010e9   Thumb Code    38  stm32f10x_flash.o(i.FLASH_WaitForLastOperation)
    GPIO_EXTILineConfig                      0x08001111   Thumb Code    60  stm32f10x_gpio.o(i.GPIO_EXTILineConfig)
    GPIO_Init                                0x08001151   Thumb Code   278  stm32f10x_gpio.o(i.GPIO_Init)
    GPIO_PinRemapConfig                      0x08001269   Thumb Code   138  stm32f10x_gpio.o(i.GPIO_PinRemapConfig)
    GPIO_ReadInputDataBit                    0x080012f9   Thumb Code    18  stm32f10x_gpio.o(i.GPIO_ReadInputDataBit)
    GPIO_ResetBits                           0x0800130b   Thumb Code     4  stm32f10x_gpio.o(i.GPIO_ResetBits)
    GPIO_SetBits                             0x0800130f   Thumb Code     4  stm32f10x_gpio.o(i.GPIO_SetBits)
    GetADC                                   0x08001315   Thumb Code    80  adc.o(i.GetADC)
    Get_Adc                                  0x08001369   Thumb Code    46  adc.o(i.Get_Adc)
    Get_Adc_Average                          0x0800139d   Thumb Code    46  adc.o(i.Get_Adc_Average)
    HardFault_Handler                        0x080013cb   Thumb Code     4  stm32f10x_it.o(i.HardFault_Handler)
    Is_Leap_Year                             0x080013cf   Thumb Code    58  rtc.o(i.Is_Leap_Year)
    KEY_Init                                 0x08001409   Thumb Code    84  key.o(i.KEY_Init)
    LED_Init                                 0x08001469   Thumb Code   170  led.o(i.LED_Init)
    MPU_IIC_Ack                              0x08001521   Thumb Code    62  mpuiic.o(i.MPU_IIC_Ack)
    MPU_IIC_Delay                            0x0800156d   Thumb Code    10  mpuiic.o(i.MPU_IIC_Delay)
    MPU_IIC_Init                             0x08001579   Thumb Code    50  mpuiic.o(i.MPU_IIC_Init)
    MPU_IIC_NAck                             0x080015b1   Thumb Code    62  mpuiic.o(i.MPU_IIC_NAck)
    MPU_IIC_Read_Byte                        0x080015fd   Thumb Code    94  mpuiic.o(i.MPU_IIC_Read_Byte)
    MPU_IIC_Send_Byte                        0x08001669   Thumb Code    80  mpuiic.o(i.MPU_IIC_Send_Byte)
    MPU_IIC_Start                            0x080016c5   Thumb Code    60  mpuiic.o(i.MPU_IIC_Start)
    MPU_IIC_Stop                             0x0800170d   Thumb Code    58  mpuiic.o(i.MPU_IIC_Stop)
    MPU_IIC_Wait_Ack                         0x08001755   Thumb Code    86  mpuiic.o(i.MPU_IIC_Wait_Ack)
    MPU_Init                                 0x080017b9   Thumb Code   138  mpu6050.o(i.MPU_Init)
    MPU_Read_Byte                            0x08001843   Thumb Code    58  mpu6050.o(i.MPU_Read_Byte)
    MPU_Read_Len                             0x0800187d   Thumb Code   116  mpu6050.o(i.MPU_Read_Len)
    MPU_Set_Accel_Fsr                        0x080018f1   Thumb Code    16  mpu6050.o(i.MPU_Set_Accel_Fsr)
    MPU_Set_Gyro_Fsr                         0x08001901   Thumb Code    16  mpu6050.o(i.MPU_Set_Gyro_Fsr)
    MPU_Set_LPF                              0x08001911   Thumb Code    58  mpu6050.o(i.MPU_Set_LPF)
    MPU_Set_Rate                             0x0800194b   Thumb Code    58  mpu6050.o(i.MPU_Set_Rate)
    MPU_Write_Byte                           0x08001985   Thumb Code    68  mpu6050.o(i.MPU_Write_Byte)
    MPU_Write_Len                            0x080019c9   Thumb Code    96  mpu6050.o(i.MPU_Write_Len)
    MemManage_Handler                        0x08001a29   Thumb Code     4  stm32f10x_it.o(i.MemManage_Handler)
    NMI_Handler                              0x08001a2d   Thumb Code     2  stm32f10x_it.o(i.NMI_Handler)
    NVIC_Init                                0x08001a31   Thumb Code   100  misc.o(i.NVIC_Init)
    NVIC_PriorityGroupConfig                 0x08001aa1   Thumb Code    10  misc.o(i.NVIC_PriorityGroupConfig)
    PWR_BackupAccessCmd                      0x08001ab5   Thumb Code     6  stm32f10x_pwr.o(i.PWR_BackupAccessCmd)
    PendSV_Handler                           0x08001ac1   Thumb Code     2  stm32f10x_it.o(i.PendSV_Handler)
    RCC_ADCCLKConfig                         0x08001ac5   Thumb Code    18  stm32f10x_rcc.o(i.RCC_ADCCLKConfig)
    RCC_APB1PeriphClockCmd                   0x08001add   Thumb Code    26  stm32f10x_rcc.o(i.RCC_APB1PeriphClockCmd)
    RCC_APB2PeriphClockCmd                   0x08001afd   Thumb Code    26  stm32f10x_rcc.o(i.RCC_APB2PeriphClockCmd)
    RCC_APB2PeriphResetCmd                   0x08001b1d   Thumb Code    26  stm32f10x_rcc.o(i.RCC_APB2PeriphResetCmd)
    RCC_BackupResetCmd                       0x08001b3d   Thumb Code     6  stm32f10x_rcc.o(i.RCC_BackupResetCmd)
    RCC_GetClocksFreq                        0x08001b49   Thumb Code   192  stm32f10x_rcc.o(i.RCC_GetClocksFreq)
    RCC_LSICmd                               0x08001c1d   Thumb Code     6  stm32f10x_rcc.o(i.RCC_LSICmd)
    RCC_RTCCLKCmd                            0x08001c29   Thumb Code     6  stm32f10x_rcc.o(i.RCC_RTCCLKCmd)
    RCC_RTCCLKConfig                         0x08001c35   Thumb Code    12  stm32f10x_rcc.o(i.RCC_RTCCLKConfig)
    RTC_Alarm_Set                            0x08001c45   Thumb Code   184  rtc.o(i.RTC_Alarm_Set)
    RTC_ClearITPendingBit                    0x08001d0d   Thumb Code    12  stm32f10x_rtc.o(i.RTC_ClearITPendingBit)
    RTC_EnterConfigMode                      0x08001d1d   Thumb Code    14  stm32f10x_rtc.o(i.RTC_EnterConfigMode)
    RTC_ExitConfigMode                       0x08001d31   Thumb Code    16  stm32f10x_rtc.o(i.RTC_ExitConfigMode)
    RTC_Get                                  0x08001d45   Thumb Code   240  rtc.o(i.RTC_Get)
    RTC_GetCounter                           0x08001e45   Thumb Code    16  stm32f10x_rtc.o(i.RTC_GetCounter)
    RTC_GetITStatus                          0x08001e59   Thumb Code    32  stm32f10x_rtc.o(i.RTC_GetITStatus)
    RTC_Get_Week                             0x08001e7d   Thumb Code   116  rtc.o(i.RTC_Get_Week)
    RTC_IRQHandler                           0x08001ef5   Thumb Code    64  rtc.o(i.RTC_IRQHandler)
    RTC_ITConfig                             0x08001f45   Thumb Code    26  stm32f10x_rtc.o(i.RTC_ITConfig)
    RTC_Init                                 0x08001f65   Thumb Code   126  rtc.o(i.RTC_Init)
    RTC_Set                                  0x08002009   Thumb Code   184  rtc.o(i.RTC_Set)
    RTC_SetAlarm                             0x080020d1   Thumb Code    24  stm32f10x_rtc.o(i.RTC_SetAlarm)
    RTC_SetCounter                           0x080020ed   Thumb Code    24  stm32f10x_rtc.o(i.RTC_SetCounter)
    RTC_SetPrescaler                         0x08002109   Thumb Code    26  stm32f10x_rtc.o(i.RTC_SetPrescaler)
    RTC_WaitForLastTask                      0x08002129   Thumb Code    16  stm32f10x_rtc.o(i.RTC_WaitForLastTask)
    RTC_WaitForSynchro                       0x0800213d   Thumb Code    30  stm32f10x_rtc.o(i.RTC_WaitForSynchro)
    STMFLASH_Read                            0x08002161   Thumb Code    34  stmflash.o(i.STMFLASH_Read)
    STMFLASH_ReadHalfWord                    0x08002183   Thumb Code     6  stmflash.o(i.STMFLASH_ReadHalfWord)
    STMFLASH_Write                           0x08002189   Thumb Code   224  stmflash.o(i.STMFLASH_Write)
    STMFLASH_Write_NoCheck                   0x08002271   Thumb Code    38  stmflash.o(i.STMFLASH_Write_NoCheck)
    SVC_Handler                              0x08002297   Thumb Code     2  stm32f10x_it.o(i.SVC_Handler)
    Send_datatoU2                            0x08002299   Thumb Code    40  main.o(i.Send_datatoU2)
    SysTick_CLKSourceConfig                  0x080023ad   Thumb Code    40  misc.o(i.SysTick_CLKSourceConfig)
    SysTick_Handler                          0x080023d5   Thumb Code     2  stm32f10x_it.o(i.SysTick_Handler)
    SystemInit                               0x080023d9   Thumb Code    78  system_stm32f10x.o(i.SystemInit)
    TIM3_IRQHandler                          0x08002439   Thumb Code    32  timer.o(i.TIM3_IRQHandler)
    TIM3_Int_Init                            0x08002461   Thumb Code    90  timer.o(i.TIM3_Int_Init)
    TIM_ClearITPendingBit                    0x080024c1   Thumb Code     6  stm32f10x_tim.o(i.TIM_ClearITPendingBit)
    TIM_Cmd                                  0x080024c7   Thumb Code    24  stm32f10x_tim.o(i.TIM_Cmd)
    TIM_GetITStatus                          0x080024df   Thumb Code    34  stm32f10x_tim.o(i.TIM_GetITStatus)
    TIM_ITConfig                             0x08002501   Thumb Code    18  stm32f10x_tim.o(i.TIM_ITConfig)
    TIM_TimeBaseInit                         0x08002515   Thumb Code   122  stm32f10x_tim.o(i.TIM_TimeBaseInit)
    USART1_IRQHandler                        0x080025b9   Thumb Code     2  usart.o(i.USART1_IRQHandler)
    USART1_Init                              0x080025bd   Thumb Code   150  usart.o(i.USART1_Init)
    USART2_IRQHandler                        0x0800265d   Thumb Code   682  usart.o(i.USART2_IRQHandler)
    USART2_Init                              0x0800298d   Thumb Code   154  usart.o(i.USART2_Init)
    USART_Cmd                                0x08002a31   Thumb Code    24  stm32f10x_usart.o(i.USART_Cmd)
    USART_GetFlagStatus                      0x08002a49   Thumb Code    26  stm32f10x_usart.o(i.USART_GetFlagStatus)
    USART_GetITStatus                        0x08002a63   Thumb Code    84  stm32f10x_usart.o(i.USART_GetITStatus)
    USART_ITConfig                           0x08002ab7   Thumb Code    74  stm32f10x_usart.o(i.USART_ITConfig)
    USART_Init                               0x08002b01   Thumb Code   210  stm32f10x_usart.o(i.USART_Init)
    USART_ReceiveData                        0x08002bd9   Thumb Code    10  stm32f10x_usart.o(i.USART_ReceiveData)
    UsageFault_Handler                       0x08002be3   Thumb Code     4  stm32f10x_it.o(i.UsageFault_Handler)
    __0printf$8                              0x08002be9   Thumb Code    22  printf8.o(i.__0printf$8)
    __1printf$8                              0x08002be9   Thumb Code     0  printf8.o(i.__0printf$8)
    __2printf                                0x08002be9   Thumb Code     0  printf8.o(i.__0printf$8)
    __ARM_fpclassify                         0x08002c09   Thumb Code    40  fpclassify.o(i.__ARM_fpclassify)
    __kernel_poly                            0x08002c31   Thumb Code   170  poly.o(i.__kernel_poly)
    __mathlib_dbl_infnan                     0x08002cdb   Thumb Code     6  dunder.o(i.__mathlib_dbl_infnan)
    __mathlib_dbl_infnan2                    0x08002ce1   Thumb Code     4  dunder.o(i.__mathlib_dbl_infnan2)
    __mathlib_dbl_invalid                    0x08002ce5   Thumb Code    12  dunder.o(i.__mathlib_dbl_invalid)
    __mathlib_dbl_underflow                  0x08002cf1   Thumb Code    10  dunder.o(i.__mathlib_dbl_underflow)
    __scatterload_copy                       0x08002d01   Thumb Code    14  handlers.o(i.__scatterload_copy)
    __scatterload_null                       0x08002d0f   Thumb Code     2  handlers.o(i.__scatterload_null)
    __scatterload_zeroinit                   0x08002d11   Thumb Code    14  handlers.o(i.__scatterload_zeroinit)
    __set_errno                              0x08002d21   Thumb Code     6  errno.o(i.__set_errno)
    asin                                     0x08003239   Thumb Code   572  asin.o(i.asin)
    atan                                     0x080034a9   Thumb Code   474  atan.o(i.atan)
    atan2                                    0x080036c9   Thumb Code   346  atan2.o(i.atan2)
    delay_init                               0x080038ad   Thumb Code    50  delay.o(i.delay_init)
    delay_ms                                 0x080038f1   Thumb Code    72  delay.o(i.delay_ms)
    delay_us                                 0x0800393d   Thumb Code    72  delay.o(i.delay_us)
    dmp_enable_6x_lp_quat                    0x08003989   Thumb Code    60  inv_mpu_dmp_motion_driver.o(i.dmp_enable_6x_lp_quat)
    dmp_enable_feature                       0x080039c5   Thumb Code   530  inv_mpu_dmp_motion_driver.o(i.dmp_enable_feature)
    dmp_enable_gyro_cal                      0x08003be1   Thumb Code    62  inv_mpu_dmp_motion_driver.o(i.dmp_enable_gyro_cal)
    dmp_enable_lp_quat                       0x08003c39   Thumb Code    60  inv_mpu_dmp_motion_driver.o(i.dmp_enable_lp_quat)
    dmp_load_motion_driver_firmware          0x08003c75   Thumb Code    20  inv_mpu_dmp_motion_driver.o(i.dmp_load_motion_driver_firmware)
    dmp_read_fifo                            0x08003c8d   Thumb Code   456  inv_mpu_dmp_motion_driver.o(i.dmp_read_fifo)
    dmp_set_accel_bias                       0x08003e59   Thumb Code   300  inv_mpu_dmp_motion_driver.o(i.dmp_set_accel_bias)
    dmp_set_fifo_rate                        0x08003f89   Thumb Code    96  inv_mpu_dmp_motion_driver.o(i.dmp_set_fifo_rate)
    dmp_set_gyro_bias                        0x08003ff9   Thumb Code   294  inv_mpu_dmp_motion_driver.o(i.dmp_set_gyro_bias)
    dmp_set_orientation                      0x08004129   Thumb Code   290  inv_mpu_dmp_motion_driver.o(i.dmp_set_orientation)
    dmp_set_shake_reject_thresh              0x08004261   Thumb Code    56  inv_mpu_dmp_motion_driver.o(i.dmp_set_shake_reject_thresh)
    dmp_set_shake_reject_time                0x08004299   Thumb Code    38  inv_mpu_dmp_motion_driver.o(i.dmp_set_shake_reject_time)
    dmp_set_shake_reject_timeout             0x080042bf   Thumb Code    38  inv_mpu_dmp_motion_driver.o(i.dmp_set_shake_reject_timeout)
    dmp_set_tap_axes                         0x080042e5   Thumb Code    70  inv_mpu_dmp_motion_driver.o(i.dmp_set_tap_axes)
    dmp_set_tap_count                        0x0800432b   Thumb Code    38  inv_mpu_dmp_motion_driver.o(i.dmp_set_tap_count)
    dmp_set_tap_thresh                       0x08004351   Thumb Code   396  inv_mpu_dmp_motion_driver.o(i.dmp_set_tap_thresh)
    dmp_set_tap_time                         0x080044f1   Thumb Code    38  inv_mpu_dmp_motion_driver.o(i.dmp_set_tap_time)
    dmp_set_tap_time_multi                   0x08004517   Thumb Code    38  inv_mpu_dmp_motion_driver.o(i.dmp_set_tap_time_multi)
    fputc                                    0x0800453d   Thumb Code    24  usart.o(i.fputc)
    inv_orientation_matrix_to_scalar         0x08004b8d   Thumb Code    40  inv_mpu.o(i.inv_orientation_matrix_to_scalar)
    inv_row_2_scale                          0x08004bb5   Thumb Code    78  inv_mpu.o(i.inv_row_2_scale)
    main                                     0x08004c05   Thumb Code   772  main.o(i.main)
    mget_ms                                  0x08004f89   Thumb Code     2  inv_mpu.o(i.mget_ms)
    mpu_configure_fifo                       0x08004f8d   Thumb Code   106  inv_mpu.o(i.mpu_configure_fifo)
    mpu_dmp_get_data                         0x08004ffd   Thumb Code   544  inv_mpu.o(i.mpu_dmp_get_data)
    mpu_dmp_init                             0x08005221   Thumb Code   154  inv_mpu.o(i.mpu_dmp_init)
    mpu_get_accel_fsr                        0x080052c1   Thumb Code    72  inv_mpu.o(i.mpu_get_accel_fsr)
    mpu_get_accel_sens                       0x0800530d   Thumb Code    78  inv_mpu.o(i.mpu_get_accel_sens)
    mpu_get_fifo_config                      0x08005361   Thumb Code    12  inv_mpu.o(i.mpu_get_fifo_config)
    mpu_get_gyro_fsr                         0x08005371   Thumb Code    64  inv_mpu.o(i.mpu_get_gyro_fsr)
    mpu_get_gyro_sens                        0x080053b5   Thumb Code    58  inv_mpu.o(i.mpu_get_gyro_sens)
    mpu_get_lpf                              0x08005405   Thumb Code    74  inv_mpu.o(i.mpu_get_lpf)
    mpu_get_sample_rate                      0x08005455   Thumb Code    26  inv_mpu.o(i.mpu_get_sample_rate)
    mpu_init                                 0x08005475   Thumb Code   416  inv_mpu.o(i.mpu_init)
    mpu_load_firmware                        0x08005665   Thumb Code   180  inv_mpu.o(i.mpu_load_firmware)
    mpu_lp_accel_mode                        0x0800571d   Thumb Code   218  inv_mpu.o(i.mpu_lp_accel_mode)
    mpu_read_fifo_stream                     0x080057fd   Thumb Code   186  inv_mpu.o(i.mpu_read_fifo_stream)
    mpu_read_mem                             0x080058bd   Thumb Code   122  inv_mpu.o(i.mpu_read_mem)
    mpu_reset_fifo                           0x0800593d   Thumb Code   450  inv_mpu.o(i.mpu_reset_fifo)
    mpu_run_self_test                        0x08005b05   Thumb Code   278  inv_mpu.o(i.mpu_run_self_test)
    mpu_set_accel_fsr                        0x08005c21   Thumb Code   126  inv_mpu.o(i.mpu_set_accel_fsr)
    mpu_set_bypass                           0x08005ca5   Thumb Code   328  inv_mpu.o(i.mpu_set_bypass)
    mpu_set_dmp_state                        0x08005df1   Thumb Code   138  inv_mpu.o(i.mpu_set_dmp_state)
    mpu_set_gyro_fsr                         0x08005e81   Thumb Code   132  inv_mpu.o(i.mpu_set_gyro_fsr)
    mpu_set_int_latched                      0x08005f09   Thumb Code   102  inv_mpu.o(i.mpu_set_int_latched)
    mpu_set_lpf                              0x08005f75   Thumb Code   126  inv_mpu.o(i.mpu_set_lpf)
    mpu_set_sample_rate                      0x08005ff9   Thumb Code   152  inv_mpu.o(i.mpu_set_sample_rate)
    mpu_set_sensors                          0x08006095   Thumb Code   202  inv_mpu.o(i.mpu_set_sensors)
    mpu_write_mem                            0x08006165   Thumb Code   122  inv_mpu.o(i.mpu_write_mem)
    run_self_test                            0x080061e5   Thumb Code   148  inv_mpu.o(i.run_self_test)
    sqrt                                     0x08006309   Thumb Code    76  sqrt.o(i.sqrt)
    reg                                      0x08006354   Data          27  inv_mpu.o(.constdata)
    hw                                       0x08006370   Data          12  inv_mpu.o(.constdata)
    test                                     0x0800637c   Data          40  inv_mpu.o(.constdata)
    table_week                               0x08006f9a   Data          12  rtc.o(.constdata)
    mon_table                                0x08006fa6   Data          12  rtc.o(.constdata)
    __mathlib_zero                           0x080070a0   Data           8  qnan.o(.constdata)
    Region$$Table$$Base                      0x080070f8   Number         0  anon$$obj.o(Region$$Table)
    Region$$Table$$Limit                     0x08007118   Number         0  anon$$obj.o(Region$$Table)
    Count                                    0x20000004   Data           1  main.o(.data)
    shutdown                                 0x20000005   Data           1  main.o(.data)
    SleepFlag                                0x20000006   Data           1  main.o(.data)
    alarm_set                                0x20000007   Data           1  main.o(.data)
    pitch                                    0x20000008   Data           4  main.o(.data)
    roll                                     0x2000000c   Data           4  main.o(.data)
    yaw                                      0x20000010   Data           4  main.o(.data)
    ADCtemp                                  0x20000014   Data           4  main.o(.data)
    ADdata                                   0x20000018   Data           2  main.o(.data)
    SystemCoreClock                          0x2000001c   Data           4  system_stm32f10x.o(.data)
    AHBPrescTable                            0x20000020   Data          16  system_stm32f10x.o(.data)
    StopFlag                                 0x20000065   Data           1  exti.o(.data)
    __stdout                                 0x2000006c   Data           4  usart.o(.data)
    USART_RX_STA                             0x20000070   Data           2  usart.o(.data)
    flashdata                                0x200000a0   Data          11  main.o(.bss)
    calendar                                 0x200000bc   Data          10  rtc.o(.bss)
    STMFLASH_BUF                             0x200000c6   Data        1024  stmflash.o(.bss)
    USART_RX_BUF                             0x200004c6   Data         200  usart.o(.bss)
    __initial_sp                             0x200009b8   Data           0  startup_stm32f10x_hd.o(STACK)



==============================================================================

Memory Map of the image

  Image Entry point : 0x08000131

  Load Region LR_IROM1 (Base: 0x08000000, Size: 0x000071b8, Max: 0x00010000, ABSOLUTE)

    Execution Region ER_IROM1 (Exec base: 0x08000000, Load base: 0x08000000, Size: 0x00007118, Max: 0x00010000, ABSOLUTE)

    Exec Addr    Load Addr    Size         Type   Attr      Idx    E Section Name        Object

    0x08000000   0x08000000   0x00000130   Data   RO         1495    RESET               startup_stm32f10x_hd.o
    0x08000130   0x08000130   0x00000000   Code   RO         3394  * .ARM.Collect$$$$00000000  mc_w.l(entry.o)
    0x08000130   0x08000130   0x00000004   Code   RO         3735    .ARM.Collect$$$$00000001  mc_w.l(entry2.o)
    0x08000134   0x08000134   0x00000004   Code   RO         3738    .ARM.Collect$$$$00000004  mc_w.l(entry5.o)
    0x08000138   0x08000138   0x00000000   Code   RO         3740    .ARM.Collect$$$$00000008  mc_w.l(entry7b.o)
    0x08000138   0x08000138   0x00000000   Code   RO         3742    .ARM.Collect$$$$0000000A  mc_w.l(entry8b.o)
    0x08000138   0x08000138   0x00000008   Code   RO         3743    .ARM.Collect$$$$0000000B  mc_w.l(entry9a.o)
    0x08000140   0x08000140   0x00000000   Code   RO         3745    .ARM.Collect$$$$0000000D  mc_w.l(entry10a.o)
    0x08000140   0x08000140   0x00000000   Code   RO         3747    .ARM.Collect$$$$0000000F  mc_w.l(entry11a.o)
    0x08000140   0x08000140   0x00000004   Code   RO         3736    .ARM.Collect$$$$00002712  mc_w.l(entry2.o)
    0x08000144   0x08000144   0x00000024   Code   RO         1496    .text               startup_stm32f10x_hd.o
    0x08000168   0x08000168   0x00000062   Code   RO         3397    .text               mc_w.l(ldiv.o)
    0x080001ca   0x080001ca   0x00000024   Code   RO         3399    .text               mc_w.l(memseta.o)
    0x080001ee   0x080001ee   0x0000001a   Code   RO         3401    .text               mc_w.l(memcmp.o)
    0x08000208   0x08000208   0x000000b0   Code   RO         3664    .text               mf_w.l(fadd.o)
    0x080002b8   0x080002b8   0x00000064   Code   RO         3666    .text               mf_w.l(fmul.o)
    0x0800031c   0x0800031c   0x0000007c   Code   RO         3668    .text               mf_w.l(fdiv.o)
    0x08000398   0x08000398   0x0000014e   Code   RO         3670    .text               mf_w.l(dadd.o)
    0x080004e6   0x080004e6   0x000000e4   Code   RO         3672    .text               mf_w.l(dmul.o)
    0x080005ca   0x080005ca   0x000000de   Code   RO         3674    .text               mf_w.l(ddiv.o)
    0x080006a8   0x080006a8   0x00000012   Code   RO         3676    .text               mf_w.l(fflti.o)
    0x080006ba   0x080006ba   0x0000000a   Code   RO         3678    .text               mf_w.l(ffltui.o)
    0x080006c4   0x080006c4   0x00000032   Code   RO         3682    .text               mf_w.l(ffixi.o)
    0x080006f6   0x080006f6   0x00000028   Code   RO         3684    .text               mf_w.l(ffixui.o)
    0x0800071e   0x0800071e   0x00000026   Code   RO         3686    .text               mf_w.l(f2d.o)
    0x08000744   0x08000744   0x00000030   Code   RO         3688    .text               mf_w.l(cdcmple.o)
    0x08000774   0x08000774   0x00000030   Code   RO         3690    .text               mf_w.l(cdrcmple.o)
    0x080007a4   0x080007a4   0x00000038   Code   RO         3692    .text               mf_w.l(d2f.o)
    0x080007dc   0x080007dc   0x00000014   Code   RO         3694    .text               mf_w.l(cfcmple.o)
    0x080007f0   0x080007f0   0x00000014   Code   RO         3696    .text               mf_w.l(cfrcmple.o)
    0x08000804   0x08000804   0x00000062   Code   RO         3751    .text               mc_w.l(uldiv.o)
    0x08000866   0x08000866   0x0000001e   Code   RO         3753    .text               mc_w.l(llshl.o)
    0x08000884   0x08000884   0x00000024   Code   RO         3755    .text               mc_w.l(llsshr.o)
    0x080008a8   0x080008a8   0x00000000   Code   RO         3764    .text               mc_w.l(iusefp.o)
    0x080008a8   0x080008a8   0x0000006e   Code   RO         3765    .text               mf_w.l(fepilogue.o)
    0x08000916   0x08000916   0x000000ba   Code   RO         3767    .text               mf_w.l(depilogue.o)
    0x080009d0   0x080009d0   0x0000002e   Code   RO         3769    .text               mf_w.l(dscalb.o)
    0x080009fe   0x080009fe   0x00000002   PAD
    0x08000a00   0x08000a00   0x00000024   Code   RO         3773    .text               mc_w.l(init.o)
    0x08000a24   0x08000a24   0x00000020   Code   RO         3775    .text               mc_w.l(llushr.o)
    0x08000a44   0x08000a44   0x000000a2   Code   RO         3777    .text               mf_w.l(dsqrt.o)
    0x08000ae6   0x08000ae6   0x00000016   Code   RO         2758    i.ADC_Cmd           stm32f10x_adc.o
    0x08000afc   0x08000afc   0x0000005c   Code   RO         2760    i.ADC_DeInit        stm32f10x_adc.o
    0x08000b58   0x08000b58   0x00000014   Code   RO         2766    i.ADC_GetCalibrationStatus  stm32f10x_adc.o
    0x08000b6c   0x08000b6c   0x00000008   Code   RO         2767    i.ADC_GetConversionValue  stm32f10x_adc.o
    0x08000b74   0x08000b74   0x00000012   Code   RO         2769    i.ADC_GetFlagStatus  stm32f10x_adc.o
    0x08000b86   0x08000b86   0x00000014   Code   RO         2772    i.ADC_GetResetCalibrationStatus  stm32f10x_adc.o
    0x08000b9a   0x08000b9a   0x00000002   PAD
    0x08000b9c   0x08000b9c   0x00000050   Code   RO         2776    i.ADC_Init          stm32f10x_adc.o
    0x08000bec   0x08000bec   0x000000b8   Code   RO         2780    i.ADC_RegularChannelConfig  stm32f10x_adc.o
    0x08000ca4   0x08000ca4   0x0000000a   Code   RO         2781    i.ADC_ResetCalibration  stm32f10x_adc.o
    0x08000cae   0x08000cae   0x00000016   Code   RO         2783    i.ADC_SoftwareStartConvCmd  stm32f10x_adc.o
    0x08000cc4   0x08000cc4   0x0000000a   Code   RO         2785    i.ADC_StartCalibration  stm32f10x_adc.o
    0x08000cce   0x08000cce   0x00000002   PAD
    0x08000cd0   0x08000cd0   0x0000008c   Code   RO         1134    i.Adc_Init          adc.o
    0x08000d5c   0x08000d5c   0x00000010   Code   RO         3036    i.BKP_DeInit        stm32f10x_bkp.o
    0x08000d6c   0x08000d6c   0x0000000c   Code   RO         3043    i.BKP_TamperPinCmd  stm32f10x_bkp.o
    0x08000d78   0x08000d78   0x0000001c   Code   RO         1410    i.BTPwrSet          usart.o
    0x08000d94   0x08000d94   0x00000004   Code   RO          175    i.BusFault_Handler  stm32f10x_it.o
    0x08000d98   0x08000d98   0x00000044   Code   RO         1079    i.Check_Res         key.o
    0x08000ddc   0x08000ddc   0x0000003c   Code   RO         1080    i.Check_WKUP        key.o
    0x08000e18   0x08000e18   0x00000002   Code   RO          176    i.DebugMon_Handler  stm32f10x_it.o
    0x08000e1a   0x08000e1a   0x00000002   PAD
    0x08000e1c   0x08000e1c   0x00000090   Code   RO         1106    i.EXTI15_10_IRQHandler  exti.o
    0x08000eac   0x08000eac   0x00000088   Code   RO         1107    i.EXTIX_Init        exti.o
    0x08000f34   0x08000f34   0x0000000c   Code   RO         2699    i.EXTI_ClearITPendingBit  stm32f10x_exti.o
    0x08000f40   0x08000f40   0x00000028   Code   RO         2703    i.EXTI_GetITStatus  stm32f10x_exti.o
    0x08000f68   0x08000f68   0x00000094   Code   RO         2704    i.EXTI_Init         stm32f10x_exti.o
    0x08000ffc   0x08000ffc   0x0000004c   Code   RO         3207    i.FLASH_ErasePage   stm32f10x_flash.o
    0x08001048   0x08001048   0x00000034   Code   RO         3208    i.FLASH_GetBank1Status  stm32f10x_flash.o
    0x0800107c   0x0800107c   0x00000014   Code   RO         3217    i.FLASH_Lock        stm32f10x_flash.o
    0x08001090   0x08001090   0x00000040   Code   RO         3220    i.FLASH_ProgramHalfWord  stm32f10x_flash.o
    0x080010d0   0x080010d0   0x00000018   Code   RO         3225    i.FLASH_Unlock      stm32f10x_flash.o
    0x080010e8   0x080010e8   0x00000026   Code   RO         3229    i.FLASH_WaitForLastOperation  stm32f10x_flash.o
    0x0800110e   0x0800110e   0x00000002   PAD
    0x08001110   0x08001110   0x00000040   Code   RO         1659    i.GPIO_EXTILineConfig  stm32f10x_gpio.o
    0x08001150   0x08001150   0x00000116   Code   RO         1662    i.GPIO_Init         stm32f10x_gpio.o
    0x08001266   0x08001266   0x00000002   PAD
    0x08001268   0x08001268   0x00000090   Code   RO         1664    i.GPIO_PinRemapConfig  stm32f10x_gpio.o
    0x080012f8   0x080012f8   0x00000012   Code   RO         1666    i.GPIO_ReadInputDataBit  stm32f10x_gpio.o
    0x0800130a   0x0800130a   0x00000004   Code   RO         1669    i.GPIO_ResetBits    stm32f10x_gpio.o
    0x0800130e   0x0800130e   0x00000004   Code   RO         1670    i.GPIO_SetBits      stm32f10x_gpio.o
    0x08001312   0x08001312   0x00000002   PAD
    0x08001314   0x08001314   0x00000054   Code   RO         1135    i.GetADC            adc.o
    0x08001368   0x08001368   0x00000034   Code   RO         1136    i.Get_Adc           adc.o
    0x0800139c   0x0800139c   0x0000002e   Code   RO         1137    i.Get_Adc_Average   adc.o
    0x080013ca   0x080013ca   0x00000004   Code   RO          177    i.HardFault_Handler  stm32f10x_it.o
    0x080013ce   0x080013ce   0x0000003a   Code   RO         1246    i.Is_Leap_Year      rtc.o
    0x08001408   0x08001408   0x00000060   Code   RO         1081    i.KEY_Init          key.o
    0x08001468   0x08001468   0x000000b8   Code   RO          355    i.LED_Init          led.o
    0x08001520   0x08001520   0x0000004c   Code   RO          399    i.MPU_IIC_Ack       mpuiic.o
    0x0800156c   0x0800156c   0x0000000a   Code   RO          400    i.MPU_IIC_Delay     mpuiic.o
    0x08001576   0x08001576   0x00000002   PAD
    0x08001578   0x08001578   0x00000038   Code   RO          401    i.MPU_IIC_Init      mpuiic.o
    0x080015b0   0x080015b0   0x0000004c   Code   RO          402    i.MPU_IIC_NAck      mpuiic.o
    0x080015fc   0x080015fc   0x0000006c   Code   RO          403    i.MPU_IIC_Read_Byte  mpuiic.o
    0x08001668   0x08001668   0x0000005c   Code   RO          404    i.MPU_IIC_Send_Byte  mpuiic.o
    0x080016c4   0x080016c4   0x00000048   Code   RO          405    i.MPU_IIC_Start     mpuiic.o
    0x0800170c   0x0800170c   0x00000048   Code   RO          406    i.MPU_IIC_Stop      mpuiic.o
    0x08001754   0x08001754   0x00000064   Code   RO          407    i.MPU_IIC_Wait_Ack  mpuiic.o
    0x080017b8   0x080017b8   0x0000008a   Code   RO          468    i.MPU_Init          mpu6050.o
    0x08001842   0x08001842   0x0000003a   Code   RO          469    i.MPU_Read_Byte     mpu6050.o
    0x0800187c   0x0800187c   0x00000074   Code   RO          470    i.MPU_Read_Len      mpu6050.o
    0x080018f0   0x080018f0   0x00000010   Code   RO          471    i.MPU_Set_Accel_Fsr  mpu6050.o
    0x08001900   0x08001900   0x00000010   Code   RO          472    i.MPU_Set_Gyro_Fsr  mpu6050.o
    0x08001910   0x08001910   0x0000003a   Code   RO          473    i.MPU_Set_LPF       mpu6050.o
    0x0800194a   0x0800194a   0x0000003a   Code   RO          474    i.MPU_Set_Rate      mpu6050.o
    0x08001984   0x08001984   0x00000044   Code   RO          475    i.MPU_Write_Byte    mpu6050.o
    0x080019c8   0x080019c8   0x00000060   Code   RO          476    i.MPU_Write_Len     mpu6050.o
    0x08001a28   0x08001a28   0x00000004   Code   RO          178    i.MemManage_Handler  stm32f10x_it.o
    0x08001a2c   0x08001a2c   0x00000002   Code   RO          179    i.NMI_Handler       stm32f10x_it.o
    0x08001a2e   0x08001a2e   0x00000002   PAD
    0x08001a30   0x08001a30   0x00000070   Code   RO         1500    i.NVIC_Init         misc.o
    0x08001aa0   0x08001aa0   0x00000014   Code   RO         1501    i.NVIC_PriorityGroupConfig  misc.o
    0x08001ab4   0x08001ab4   0x0000000c   Code   RO         2974    i.PWR_BackupAccessCmd  stm32f10x_pwr.o
    0x08001ac0   0x08001ac0   0x00000002   Code   RO          180    i.PendSV_Handler    stm32f10x_it.o
    0x08001ac2   0x08001ac2   0x00000002   PAD
    0x08001ac4   0x08001ac4   0x00000018   Code   RO         1770    i.RCC_ADCCLKConfig  stm32f10x_rcc.o
    0x08001adc   0x08001adc   0x00000020   Code   RO         1772    i.RCC_APB1PeriphClockCmd  stm32f10x_rcc.o
    0x08001afc   0x08001afc   0x00000020   Code   RO         1774    i.RCC_APB2PeriphClockCmd  stm32f10x_rcc.o
    0x08001b1c   0x08001b1c   0x00000020   Code   RO         1775    i.RCC_APB2PeriphResetCmd  stm32f10x_rcc.o
    0x08001b3c   0x08001b3c   0x0000000c   Code   RO         1777    i.RCC_BackupResetCmd  stm32f10x_rcc.o
    0x08001b48   0x08001b48   0x000000d4   Code   RO         1782    i.RCC_GetClocksFreq  stm32f10x_rcc.o
    0x08001c1c   0x08001c1c   0x0000000c   Code   RO         1791    i.RCC_LSICmd        stm32f10x_rcc.o
    0x08001c28   0x08001c28   0x0000000c   Code   RO         1797    i.RCC_RTCCLKCmd     stm32f10x_rcc.o
    0x08001c34   0x08001c34   0x00000010   Code   RO         1798    i.RCC_RTCCLKConfig  stm32f10x_rcc.o
    0x08001c44   0x08001c44   0x000000c8   Code   RO         1247    i.RTC_Alarm_Set     rtc.o
    0x08001d0c   0x08001d0c   0x00000010   Code   RO         3113    i.RTC_ClearITPendingBit  stm32f10x_rtc.o
    0x08001d1c   0x08001d1c   0x00000014   Code   RO         3114    i.RTC_EnterConfigMode  stm32f10x_rtc.o
    0x08001d30   0x08001d30   0x00000014   Code   RO         3115    i.RTC_ExitConfigMode  stm32f10x_rtc.o
    0x08001d44   0x08001d44   0x00000100   Code   RO         1248    i.RTC_Get           rtc.o
    0x08001e44   0x08001e44   0x00000014   Code   RO         3116    i.RTC_GetCounter    stm32f10x_rtc.o
    0x08001e58   0x08001e58   0x00000024   Code   RO         3119    i.RTC_GetITStatus   stm32f10x_rtc.o
    0x08001e7c   0x08001e7c   0x00000078   Code   RO         1249    i.RTC_Get_Week      rtc.o
    0x08001ef4   0x08001ef4   0x00000050   Code   RO         1250    i.RTC_IRQHandler    rtc.o
    0x08001f44   0x08001f44   0x00000020   Code   RO         3120    i.RTC_ITConfig      stm32f10x_rtc.o
    0x08001f64   0x08001f64   0x00000084   Code   RO         1251    i.RTC_Init          rtc.o
    0x08001fe8   0x08001fe8   0x00000020   Code   RO         1252    i.RTC_NVIC_Config   rtc.o
    0x08002008   0x08002008   0x000000c8   Code   RO         1253    i.RTC_Set           rtc.o
    0x080020d0   0x080020d0   0x0000001c   Code   RO         3121    i.RTC_SetAlarm      stm32f10x_rtc.o
    0x080020ec   0x080020ec   0x0000001c   Code   RO         3122    i.RTC_SetCounter    stm32f10x_rtc.o
    0x08002108   0x08002108   0x00000020   Code   RO         3123    i.RTC_SetPrescaler  stm32f10x_rtc.o
    0x08002128   0x08002128   0x00000014   Code   RO         3124    i.RTC_WaitForLastTask  stm32f10x_rtc.o
    0x0800213c   0x0800213c   0x00000024   Code   RO         3125    i.RTC_WaitForSynchro  stm32f10x_rtc.o
    0x08002160   0x08002160   0x00000022   Code   RO         1313    i.STMFLASH_Read     stmflash.o
    0x08002182   0x08002182   0x00000006   Code   RO         1314    i.STMFLASH_ReadHalfWord  stmflash.o
    0x08002188   0x08002188   0x000000e8   Code   RO         1315    i.STMFLASH_Write    stmflash.o
    0x08002270   0x08002270   0x00000026   Code   RO         1316    i.STMFLASH_Write_NoCheck  stmflash.o
    0x08002296   0x08002296   0x00000002   Code   RO          181    i.SVC_Handler       stm32f10x_it.o
    0x08002298   0x08002298   0x0000002c   Code   RO            3    i.Send_datatoU2     main.o
    0x080022c4   0x080022c4   0x00000008   Code   RO          321    i.SetSysClock       system_stm32f10x.o
    0x080022cc   0x080022cc   0x000000e0   Code   RO          322    i.SetSysClockTo72   system_stm32f10x.o
    0x080023ac   0x080023ac   0x00000028   Code   RO         1504    i.SysTick_CLKSourceConfig  misc.o
    0x080023d4   0x080023d4   0x00000002   Code   RO          182    i.SysTick_Handler   stm32f10x_it.o
    0x080023d6   0x080023d6   0x00000002   PAD
    0x080023d8   0x080023d8   0x00000060   Code   RO          324    i.SystemInit        system_stm32f10x.o
    0x08002438   0x08002438   0x00000028   Code   RO         1227    i.TIM3_IRQHandler   timer.o
    0x08002460   0x08002460   0x00000060   Code   RO         1228    i.TIM3_Int_Init     timer.o
    0x080024c0   0x080024c0   0x00000006   Code   RO         2161    i.TIM_ClearITPendingBit  stm32f10x_tim.o
    0x080024c6   0x080024c6   0x00000018   Code   RO         2166    i.TIM_Cmd           stm32f10x_tim.o
    0x080024de   0x080024de   0x00000022   Code   RO         2187    i.TIM_GetITStatus   stm32f10x_tim.o
    0x08002500   0x08002500   0x00000012   Code   RO         2191    i.TIM_ITConfig      stm32f10x_tim.o
    0x08002512   0x08002512   0x00000002   PAD
    0x08002514   0x08002514   0x000000a4   Code   RO         2237    i.TIM_TimeBaseInit  stm32f10x_tim.o
    0x080025b8   0x080025b8   0x00000002   Code   RO         1412    i.USART1_IRQHandler  usart.o
    0x080025ba   0x080025ba   0x00000002   PAD
    0x080025bc   0x080025bc   0x000000a0   Code   RO         1413    i.USART1_Init       usart.o
    0x0800265c   0x0800265c   0x00000330   Code   RO         1414    i.USART2_IRQHandler  usart.o
    0x0800298c   0x0800298c   0x000000a4   Code   RO         1415    i.USART2_Init       usart.o
    0x08002a30   0x08002a30   0x00000018   Code   RO         1974    i.USART_Cmd         stm32f10x_usart.o
    0x08002a48   0x08002a48   0x0000001a   Code   RO         1977    i.USART_GetFlagStatus  stm32f10x_usart.o
    0x08002a62   0x08002a62   0x00000054   Code   RO         1978    i.USART_GetITStatus  stm32f10x_usart.o
    0x08002ab6   0x08002ab6   0x0000004a   Code   RO         1980    i.USART_ITConfig    stm32f10x_usart.o
    0x08002b00   0x08002b00   0x000000d8   Code   RO         1981    i.USART_Init        stm32f10x_usart.o
    0x08002bd8   0x08002bd8   0x0000000a   Code   RO         1988    i.USART_ReceiveData  stm32f10x_usart.o
    0x08002be2   0x08002be2   0x00000004   Code   RO          183    i.UsageFault_Handler  stm32f10x_it.o
    0x08002be6   0x08002be6   0x00000002   PAD
    0x08002be8   0x08002be8   0x00000020   Code   RO         3610    i.__0printf$8       mc_w.l(printf8.o)
    0x08002c08   0x08002c08   0x00000028   Code   RO         3722    i.__ARM_fpclassify  m_ws.l(fpclassify.o)
    0x08002c30   0x08002c30   0x000000aa   Code   RO         3724    i.__kernel_poly     m_ws.l(poly.o)
    0x08002cda   0x08002cda   0x00000006   Code   RO         3709    i.__mathlib_dbl_infnan  m_ws.l(dunder.o)
    0x08002ce0   0x08002ce0   0x00000004   Code   RO         3710    i.__mathlib_dbl_infnan2  m_ws.l(dunder.o)
    0x08002ce4   0x08002ce4   0x0000000c   Code   RO         3711    i.__mathlib_dbl_invalid  m_ws.l(dunder.o)
    0x08002cf0   0x08002cf0   0x00000010   Code   RO         3714    i.__mathlib_dbl_underflow  m_ws.l(dunder.o)
    0x08002d00   0x08002d00   0x0000000e   Code   RO         3781    i.__scatterload_copy  mc_w.l(handlers.o)
    0x08002d0e   0x08002d0e   0x00000002   Code   RO         3782    i.__scatterload_null  mc_w.l(handlers.o)
    0x08002d10   0x08002d10   0x0000000e   Code   RO         3783    i.__scatterload_zeroinit  mc_w.l(handlers.o)
    0x08002d1e   0x08002d1e   0x00000002   PAD
    0x08002d20   0x08002d20   0x0000000c   Code   RO         3759    i.__set_errno       mc_w.l(errno.o)
    0x08002d2c   0x08002d2c   0x00000410   Code   RO         3617    i._printf_core      mc_w.l(printf8.o)
    0x0800313c   0x0800313c   0x00000024   Code   RO         3618    i._printf_post_padding  mc_w.l(printf8.o)
    0x08003160   0x08003160   0x0000002e   Code   RO         3619    i._printf_pre_padding  mc_w.l(printf8.o)
    0x0800318e   0x0800318e   0x00000002   PAD
    0x08003190   0x08003190   0x000000a8   Code   RO          556    i.accel_self_test   inv_mpu.o
    0x08003238   0x08003238   0x00000270   Code   RO         3377    i.asin              m_ws.l(asin.o)
    0x080034a8   0x080034a8   0x00000220   Code   RO         3699    i.atan              m_ws.l(atan.o)
    0x080036c8   0x080036c8   0x00000180   Code   RO         3387    i.atan2             m_ws.l(atan2.o)
    0x08003848   0x08003848   0x00000064   Code   RO          893    i.decode_gesture    inv_mpu_dmp_motion_driver.o
    0x080038ac   0x080038ac   0x00000044   Code   RO         1355    i.delay_init        delay.o
    0x080038f0   0x080038f0   0x0000004c   Code   RO         1356    i.delay_ms          delay.o
    0x0800393c   0x0800393c   0x0000004c   Code   RO         1357    i.delay_us          delay.o
    0x08003988   0x08003988   0x0000003c   Code   RO          894    i.dmp_enable_6x_lp_quat  inv_mpu_dmp_motion_driver.o
    0x080039c4   0x080039c4   0x0000021c   Code   RO          895    i.dmp_enable_feature  inv_mpu_dmp_motion_driver.o
    0x08003be0   0x08003be0   0x00000058   Code   RO          896    i.dmp_enable_gyro_cal  inv_mpu_dmp_motion_driver.o
    0x08003c38   0x08003c38   0x0000003c   Code   RO          897    i.dmp_enable_lp_quat  inv_mpu_dmp_motion_driver.o
    0x08003c74   0x08003c74   0x00000018   Code   RO          902    i.dmp_load_motion_driver_firmware  inv_mpu_dmp_motion_driver.o
    0x08003c8c   0x08003c8c   0x000001cc   Code   RO          903    i.dmp_read_fifo     inv_mpu_dmp_motion_driver.o
    0x08003e58   0x08003e58   0x00000130   Code   RO          906    i.dmp_set_accel_bias  inv_mpu_dmp_motion_driver.o
    0x08003f88   0x08003f88   0x00000070   Code   RO          907    i.dmp_set_fifo_rate  inv_mpu_dmp_motion_driver.o
    0x08003ff8   0x08003ff8   0x00000130   Code   RO          908    i.dmp_set_gyro_bias  inv_mpu_dmp_motion_driver.o
    0x08004128   0x08004128   0x00000138   Code   RO          910    i.dmp_set_orientation  inv_mpu_dmp_motion_driver.o
    0x08004260   0x08004260   0x00000038   Code   RO          913    i.dmp_set_shake_reject_thresh  inv_mpu_dmp_motion_driver.o
    0x08004298   0x08004298   0x00000026   Code   RO          914    i.dmp_set_shake_reject_time  inv_mpu_dmp_motion_driver.o
    0x080042be   0x080042be   0x00000026   Code   RO          915    i.dmp_set_shake_reject_timeout  inv_mpu_dmp_motion_driver.o
    0x080042e4   0x080042e4   0x00000046   Code   RO          916    i.dmp_set_tap_axes  inv_mpu_dmp_motion_driver.o
    0x0800432a   0x0800432a   0x00000026   Code   RO          917    i.dmp_set_tap_count  inv_mpu_dmp_motion_driver.o
    0x08004350   0x08004350   0x000001a0   Code   RO          918    i.dmp_set_tap_thresh  inv_mpu_dmp_motion_driver.o
    0x080044f0   0x080044f0   0x00000026   Code   RO          919    i.dmp_set_tap_time  inv_mpu_dmp_motion_driver.o
    0x08004516   0x08004516   0x00000026   Code   RO          920    i.dmp_set_tap_time_multi  inv_mpu_dmp_motion_driver.o
    0x0800453c   0x0800453c   0x0000001c   Code   RO         1417    i.fputc             usart.o
    0x08004558   0x08004558   0x000000b4   Code   RO          557    i.get_accel_prod_shift  inv_mpu.o
    0x0800460c   0x0800460c   0x00000470   Code   RO          558    i.get_st_biases     inv_mpu.o
    0x08004a7c   0x08004a7c   0x00000110   Code   RO          559    i.gyro_self_test    inv_mpu.o
    0x08004b8c   0x08004b8c   0x00000028   Code   RO          560    i.inv_orientation_matrix_to_scalar  inv_mpu.o
    0x08004bb4   0x08004bb4   0x0000004e   Code   RO          561    i.inv_row_2_scale   inv_mpu.o
    0x08004c02   0x08004c02   0x00000002   PAD
    0x08004c04   0x08004c04   0x00000384   Code   RO            4    i.main              main.o
    0x08004f88   0x08004f88   0x00000002   Code   RO          562    i.mget_ms           inv_mpu.o
    0x08004f8a   0x08004f8a   0x00000002   PAD
    0x08004f8c   0x08004f8c   0x00000070   Code   RO          563    i.mpu_configure_fifo  inv_mpu.o
    0x08004ffc   0x08004ffc   0x00000224   Code   RO          564    i.mpu_dmp_get_data  inv_mpu.o
    0x08005220   0x08005220   0x000000a0   Code   RO          565    i.mpu_dmp_init      inv_mpu.o
    0x080052c0   0x080052c0   0x0000004c   Code   RO          566    i.mpu_get_accel_fsr  inv_mpu.o
    0x0800530c   0x0800530c   0x00000054   Code   RO          568    i.mpu_get_accel_sens  inv_mpu.o
    0x08005360   0x08005360   0x00000010   Code   RO          573    i.mpu_get_fifo_config  inv_mpu.o
    0x08005370   0x08005370   0x00000044   Code   RO          574    i.mpu_get_gyro_fsr  inv_mpu.o
    0x080053b4   0x080053b4   0x00000050   Code   RO          576    i.mpu_get_gyro_sens  inv_mpu.o
    0x08005404   0x08005404   0x00000050   Code   RO          578    i.mpu_get_lpf       inv_mpu.o
    0x08005454   0x08005454   0x00000020   Code   RO          580    i.mpu_get_sample_rate  inv_mpu.o
    0x08005474   0x08005474   0x000001f0   Code   RO          582    i.mpu_init          inv_mpu.o
    0x08005664   0x08005664   0x000000b8   Code   RO          583    i.mpu_load_firmware  inv_mpu.o
    0x0800571c   0x0800571c   0x000000e0   Code   RO          584    i.mpu_lp_accel_mode  inv_mpu.o
    0x080057fc   0x080057fc   0x000000c0   Code   RO          587    i.mpu_read_fifo_stream  inv_mpu.o
    0x080058bc   0x080058bc   0x00000080   Code   RO          588    i.mpu_read_mem      inv_mpu.o
    0x0800593c   0x0800593c   0x000001c8   Code   RO          591    i.mpu_reset_fifo    inv_mpu.o
    0x08005b04   0x08005b04   0x0000011c   Code   RO          592    i.mpu_run_self_test  inv_mpu.o
    0x08005c20   0x08005c20   0x00000084   Code   RO          594    i.mpu_set_accel_fsr  inv_mpu.o
    0x08005ca4   0x08005ca4   0x0000014c   Code   RO          595    i.mpu_set_bypass    inv_mpu.o
    0x08005df0   0x08005df0   0x00000090   Code   RO          597    i.mpu_set_dmp_state  inv_mpu.o
    0x08005e80   0x08005e80   0x00000088   Code   RO          598    i.mpu_set_gyro_fsr  inv_mpu.o
    0x08005f08   0x08005f08   0x0000006c   Code   RO          599    i.mpu_set_int_latched  inv_mpu.o
    0x08005f74   0x08005f74   0x00000084   Code   RO          601    i.mpu_set_lpf       inv_mpu.o
    0x08005ff8   0x08005ff8   0x0000009c   Code   RO          602    i.mpu_set_sample_rate  inv_mpu.o
    0x08006094   0x08006094   0x000000d0   Code   RO          603    i.mpu_set_sensors   inv_mpu.o
    0x08006164   0x08006164   0x00000080   Code   RO          604    i.mpu_write_mem     inv_mpu.o
    0x080061e4   0x080061e4   0x00000094   Code   RO          605    i.run_self_test     inv_mpu.o
    0x08006278   0x08006278   0x00000090   Code   RO          606    i.set_int_enable    inv_mpu.o
    0x08006308   0x08006308   0x0000004c   Code   RO         3728    i.sqrt              m_ws.l(sqrt.o)
    0x08006354   0x08006354   0x00000050   Data   RO          608    .constdata          inv_mpu.o
    0x080063a4   0x080063a4   0x00000bf6   Data   RO          922    .constdata          inv_mpu_dmp_motion_driver.o
    0x08006f9a   0x08006f9a   0x00000018   Data   RO         1255    .constdata          rtc.o
    0x08006fb2   0x08006fb2   0x00000006   PAD
    0x08006fb8   0x08006fb8   0x00000050   Data   RO         3378    .constdata          m_ws.l(asin.o)
    0x08007008   0x08007008   0x00000098   Data   RO         3700    .constdata          m_ws.l(atan.o)
    0x080070a0   0x080070a0   0x00000008   Data   RO         3726    .constdata          m_ws.l(qnan.o)
    0x080070a8   0x080070a8   0x0000004d   Data   RO          609    .conststring        inv_mpu.o
    0x080070f5   0x080070f5   0x00000003   PAD
    0x080070f8   0x080070f8   0x00000020   Data   RO         3779    Region$$Table       anon$$obj.o


    Execution Region RW_IRAM1 (Exec base: 0x20000000, Load base: 0x08007118, Size: 0x000009b8, Max: 0x00005000, ABSOLUTE)

    Exec Addr    Load Addr    Size         Type   Attr      Idx    E Section Name        Object

    0x20000000   0x08007118   0x0000001a   Data   RW            6    .data               main.o
    0x2000001a   0x08007132   0x00000002   PAD
    0x2000001c   0x08007134   0x00000014   Data   RW          325    .data               system_stm32f10x.o
    0x20000030   0x08007148   0x00000035   Data   RW          610    .data               inv_mpu.o
    0x20000065   0x0800717d   0x00000001   Data   RW         1108    .data               exti.o
    0x20000066   0x0800717e   0x00000002   Data   RW         1256    .data               rtc.o
    0x20000068   0x08007180   0x00000004   Data   RW         1358    .data               delay.o
    0x2000006c   0x08007184   0x0000001c   Data   RW         1420    .data               usart.o
    0x20000088   0x080071a0   0x00000014   Data   RW         1802    .data               stm32f10x_rcc.o
    0x2000009c   0x080071b4   0x00000004   Data   RW         3760    .data               mc_w.l(errno.o)
    0x200000a0        -       0x0000000b   Zero   RW            5    .bss                main.o
    0x200000ab   0x080071b8   0x00000001   PAD
    0x200000ac        -       0x00000010   Zero   RW          921    .bss                inv_mpu_dmp_motion_driver.o
    0x200000bc        -       0x0000000a   Zero   RW         1254    .bss                rtc.o
    0x200000c6        -       0x00000400   Zero   RW         1318    .bss                stmflash.o
    0x200004c6        -       0x000000ee   Zero   RW         1419    .bss                usart.o
    0x200005b4   0x080071b8   0x00000004   PAD
    0x200005b8        -       0x00000400   Zero   RW         1493    STACK               startup_stm32f10x_hd.o


==============================================================================

Image component sizes


      Code (inc. data)   RO Data    RW Data    ZI Data      Debug   Object Name

       322         18          0          0          0       2348   adc.o
       220         26          0          4          0       1719   delay.o
       280         18          0          1          0       1367   exti.o
      6864        290        157         53          0      31180   inv_mpu.o
      3096        122       3062          0         16      20754   inv_mpu_dmp_motion_driver.o
       224         36          0          0          0       1592   key.o
       184         14          0          0          0     215155   led.o
       944        132          0         26         11     209516   main.o
       172         22          0          0          0       2049   misc.o
       624          0          0          0          0       6251   mpu6050.o
       662        100          0          0          0       4826   mpuiic.o
      1078         74         24          2         10       6721   rtc.o
        36          8        304          0       1024        784   startup_stm32f10x_hd.o
       486         24          0          0          0       8582   stm32f10x_adc.o
        28          6          0          0          0        984   stm32f10x_bkp.o
       200         18          0          0          0       2104   stm32f10x_exti.o
       274         30          0          0          0       3414   stm32f10x_flash.o
       512         10          0          0          0       5096   stm32f10x_gpio.o
        26          0          0          0          0      53546   stm32f10x_it.o
        12          6          0          0          0        510   stm32f10x_pwr.o
       384         66          0         20          0       7551   stm32f10x_rcc.o
       288         52          0          0          0       5691   stm32f10x_rtc.o
       246         42          0          0          0       3538   stm32f10x_tim.o
       434          6          0          0          0       5612   stm32f10x_usart.o
       310          8          0          0       1024       3561   stmflash.o
         0          0          0          0          0         32   sys.o
       328         28          0         20          0       2077   system_stm32f10x.o
       136         14          0          0          0       1130   timer.o
      1198        162          0         28        238       6939   usart.o

    ----------------------------------------------------------------------
     19598       1332       3588        156       2328     614629   Object Totals
         0          0         32          0          0          0   (incl. Generated)
        30          0          9          2          5          0   (incl. Padding)

    ----------------------------------------------------------------------

      Code (inc. data)   RO Data    RW Data    ZI Data      Debug   Library Member Name

       624         52         80          0          0        168   asin.o
       544         70        152          0          0        124   atan.o
       384         38          0          0          0        144   atan2.o
        38          6          0          0          0        272   dunder.o
        40          0          0          0          0         68   fpclassify.o
       170          0          0          0          0         96   poly.o
         0          0          8          0          0          0   qnan.o
        76          0          0          0          0         84   sqrt.o
         0          0          0          0          0          0   entry.o
         0          0          0          0          0          0   entry10a.o
         0          0          0          0          0          0   entry11a.o
         8          4          0          0          0          0   entry2.o
         4          0          0          0          0          0   entry5.o
         0          0          0          0          0          0   entry7b.o
         0          0          0          0          0          0   entry8b.o
         8          4          0          0          0          0   entry9a.o
        12          6          0          4          0         68   errno.o
        30          0          0          0          0          0   handlers.o
        36          8          0          0          0         68   init.o
         0          0          0          0          0          0   iusefp.o
        98          0          0          0          0         84   ldiv.o
        30          0          0          0          0         68   llshl.o
        36          0          0          0          0         68   llsshr.o
        32          0          0          0          0         68   llushr.o
        26          0          0          0          0         80   memcmp.o
        36          0          0          0          0        108   memseta.o
      1154         54          0          0          0        352   printf8.o
        98          0          0          0          0         92   uldiv.o
        48          0          0          0          0         68   cdcmple.o
        48          0          0          0          0         68   cdrcmple.o
        20          0          0          0          0         68   cfcmple.o
        20          0          0          0          0         68   cfrcmple.o
        56          0          0          0          0         88   d2f.o
       334          0          0          0          0        148   dadd.o
       222          0          0          0          0        100   ddiv.o
       186          0          0          0          0        176   depilogue.o
       228          0          0          0          0         96   dmul.o
        46          0          0          0          0         80   dscalb.o
       162          0          0          0          0        100   dsqrt.o
        38          0          0          0          0         68   f2d.o
       176          0          0          0          0        140   fadd.o
       124          0          0          0          0         88   fdiv.o
       110          0          0          0          0        168   fepilogue.o
        50          0          0          0          0         68   ffixi.o
        40          0          0          0          0         68   ffixui.o
        18          0          0          0          0         68   fflti.o
        10          0          0          0          0         68   ffltui.o
       100          0          0          0          0         76   fmul.o

    ----------------------------------------------------------------------
      5526        242        240          4          0       3884   Library Totals
         6          0          0          0          0          0   (incl. Padding)

    ----------------------------------------------------------------------

      Code (inc. data)   RO Data    RW Data    ZI Data      Debug   Library Name

      1876        166        240          0          0        956   m_ws.l
      1608         76          0          4          0       1056   mc_w.l
      2036          0          0          0          0       1872   mf_w.l

    ----------------------------------------------------------------------
      5526        242        240          4          0       3884   Library Totals

    ----------------------------------------------------------------------

==============================================================================


      Code (inc. data)   RO Data    RW Data    ZI Data      Debug   

     25124       1574       3828        160       2328     607329   Grand Totals
     25124       1574       3828        160       2328     607329   ELF Image Totals
     25124       1574       3828        160          0          0   ROM Totals

==============================================================================

    Total RO  Size (Code + RO Data)                28952 (  28.27kB)
    Total RW  Size (RW Data + ZI Data)              2488 (   2.43kB)
    Total ROM Size (Code + RO Data + RW Data)      29112 (  28.43kB)

==============================================================================

